
C:\Users\Administrator\Downloads\MStory3.0\Unit_3\3.10_CAN_Normal\project\RIDE_M32\obj\stm32f10x_exti.o:     file format elf32-littlearm
C:\Users\Administrator\Downloads\MStory3.0\Unit_3\3.10_CAN_Normal\project\RIDE_M32\obj\stm32f10x_exti.o

Disassembly of section .text.EXTI_DeInit:

00000000 <EXTI_DeInit>:
EXTI_DeInit():
C:\Users\Administrator\Downloads\MStory3.0\Libraries\STM32F10x_StdPeriph_Driver\src/stm32f10x_exti.c:86
  * @param  None
  * @retval None
  */
void EXTI_DeInit(void)
{
  EXTI->IMR = 0x00000000;
   0:	4b04      	ldr	r3, [pc, #16]	(14 <EXTI_DeInit+0x14>)
   2:	2200      	movs	r2, #0
   4:	601a      	str	r2, [r3, #0]
C:\Users\Administrator\Downloads\MStory3.0\Libraries\STM32F10x_StdPeriph_Driver\src/stm32f10x_exti.c:87
  EXTI->EMR = 0x00000000;
   6:	605a      	str	r2, [r3, #4]
C:\Users\Administrator\Downloads\MStory3.0\Libraries\STM32F10x_StdPeriph_Driver\src/stm32f10x_exti.c:88
  EXTI->RTSR = 0x00000000; 
   8:	609a      	str	r2, [r3, #8]
C:\Users\Administrator\Downloads\MStory3.0\Libraries\STM32F10x_StdPeriph_Driver\src/stm32f10x_exti.c:89
  EXTI->FTSR = 0x00000000; 
   a:	60da      	str	r2, [r3, #12]
C:\Users\Administrator\Downloads\MStory3.0\Libraries\STM32F10x_StdPeriph_Driver\src/stm32f10x_exti.c:90
  EXTI->PR = 0x000FFFFF;
   c:	4a02      	ldr	r2, [pc, #8]	(18 <EXTI_DeInit+0x18>)
   e:	615a      	str	r2, [r3, #20]
C:\Users\Administrator\Downloads\MStory3.0\Libraries\STM32F10x_StdPeriph_Driver\src/stm32f10x_exti.c:91
}
  10:	4770      	bx	lr
  12:	46c0      	nop			(mov r8, r8)
  14:	40010400 	.word	0x40010400
  18:	000fffff 	.word	0x000fffff
Disassembly of section .text.EXTI_StructInit:

00000000 <EXTI_StructInit>:
EXTI_StructInit():
C:\Users\Administrator\Downloads\MStory3.0\Libraries\STM32F10x_StdPeriph_Driver\src/stm32f10x_exti.c:158
  *   be initialized.
  * @retval None
  */
void EXTI_StructInit(EXTI_InitTypeDef* EXTI_InitStruct)
{
  EXTI_InitStruct->EXTI_Line = EXTI_LineNone;
   0:	2200      	movs	r2, #0
C:\Users\Administrator\Downloads\MStory3.0\Libraries\STM32F10x_StdPeriph_Driver\src/stm32f10x_exti.c:160
  EXTI_InitStruct->EXTI_Mode = EXTI_Mode_Interrupt;
  EXTI_InitStruct->EXTI_Trigger = EXTI_Trigger_Falling;
   2:	230c      	movs	r3, #12
C:\Users\Administrator\Downloads\MStory3.0\Libraries\STM32F10x_StdPeriph_Driver\src/stm32f10x_exti.c:158
  *   be initialized.
  * @retval None
  */
void EXTI_StructInit(EXTI_InitTypeDef* EXTI_InitStruct)
{
  EXTI_InitStruct->EXTI_Line = EXTI_LineNone;
   4:	6002      	str	r2, [r0, #0]
C:\Users\Administrator\Downloads\MStory3.0\Libraries\STM32F10x_StdPeriph_Driver\src/stm32f10x_exti.c:159
  EXTI_InitStruct->EXTI_Mode = EXTI_Mode_Interrupt;
   6:	7102      	strb	r2, [r0, #4]
C:\Users\Administrator\Downloads\MStory3.0\Libraries\STM32F10x_StdPeriph_Driver\src/stm32f10x_exti.c:160
  EXTI_InitStruct->EXTI_Trigger = EXTI_Trigger_Falling;
   8:	7143      	strb	r3, [r0, #5]
C:\Users\Administrator\Downloads\MStory3.0\Libraries\STM32F10x_StdPeriph_Driver\src/stm32f10x_exti.c:161
  EXTI_InitStruct->EXTI_LineCmd = DISABLE;
   a:	7182      	strb	r2, [r0, #6]
C:\Users\Administrator\Downloads\MStory3.0\Libraries\STM32F10x_StdPeriph_Driver\src/stm32f10x_exti.c:162
}
   c:	4770      	bx	lr
   e:	46c0      	nop			(mov r8, r8)
Disassembly of section .text.EXTI_ClearITPendingBit:

00000000 <EXTI_ClearITPendingBit>:
EXTI_ClearITPendingBit():
C:\Users\Administrator\Downloads\MStory3.0\Libraries\STM32F10x_StdPeriph_Driver\src/stm32f10x_exti.c:251
  * @retval None
  */
void EXTI_ClearITPendingBit(uint32_t EXTI_Line)
{
  /* Check the parameters */
  assert_param(IS_EXTI_LINE(EXTI_Line));
   0:	0d03      	lsrs	r3, r0, #20
   2:	051b      	lsls	r3, r3, #20
C:\Users\Administrator\Downloads\MStory3.0\Libraries\STM32F10x_StdPeriph_Driver\src/stm32f10x_exti.c:249
  * @param  EXTI_Line: specifies the EXTI lines to clear.
  *   This parameter can be any combination of EXTI_Linex where x can be (0..19).
  * @retval None
  */
void EXTI_ClearITPendingBit(uint32_t EXTI_Line)
{
   4:	b510      	push	{r4, lr}
   6:	4604      	mov	r4, r0
C:\Users\Administrator\Downloads\MStory3.0\Libraries\STM32F10x_StdPeriph_Driver\src/stm32f10x_exti.c:251
  /* Check the parameters */
  assert_param(IS_EXTI_LINE(EXTI_Line));
   8:	b903      	cbnz	r3, c <EXTI_ClearITPendingBit+0xc>
   a:	b918      	cbnz	r0, 14 <EXTI_ClearITPendingBit+0x14>
   c:	4803      	ldr	r0, [pc, #12]	(1c <EXTI_ClearITPendingBit+0x1c>)
   e:	21fb      	movs	r1, #251
  10:	f7ff fffe 	bl	0 <assert_failed>
C:\Users\Administrator\Downloads\MStory3.0\Libraries\STM32F10x_StdPeriph_Driver\src/stm32f10x_exti.c:253
  
  EXTI->PR = EXTI_Line;
  14:	4b02      	ldr	r3, [pc, #8]	(20 <EXTI_ClearITPendingBit+0x20>)
  16:	615c      	str	r4, [r3, #20]
C:\Users\Administrator\Downloads\MStory3.0\Libraries\STM32F10x_StdPeriph_Driver\src/stm32f10x_exti.c:254
}
  18:	bd10      	pop	{r4, pc}
  1a:	46c0      	nop			(mov r8, r8)
  1c:	00000000 	.word	0x00000000
  20:	40010400 	.word	0x40010400
Disassembly of section .text.EXTI_GetITStatus:

00000000 <EXTI_GetITStatus>:
EXTI_GetITStatus():
C:\Users\Administrator\Downloads\MStory3.0\Libraries\STM32F10x_StdPeriph_Driver\src/stm32f10x_exti.c:228
ITStatus EXTI_GetITStatus(uint32_t EXTI_Line)
{
  ITStatus bitstatus = RESET;
  uint32_t enablestatus = 0;
  /* Check the parameters */
  assert_param(IS_GET_EXTI_LINE(EXTI_Line));
   0:	1e43      	subs	r3, r0, #1
   2:	2b01      	cmp	r3, #1
C:\Users\Administrator\Downloads\MStory3.0\Libraries\STM32F10x_StdPeriph_Driver\src/stm32f10x_exti.c:224
  *   This parameter can be:
  *     @arg EXTI_Linex: External interrupt line x where x(0..19)
  * @retval The new state of EXTI_Line (SET or RESET).
  */
ITStatus EXTI_GetITStatus(uint32_t EXTI_Line)
{
   4:	b510      	push	{r4, lr}
   6:	4604      	mov	r4, r0
C:\Users\Administrator\Downloads\MStory3.0\Libraries\STM32F10x_StdPeriph_Driver\src/stm32f10x_exti.c:228
  ITStatus bitstatus = RESET;
  uint32_t enablestatus = 0;
  /* Check the parameters */
  assert_param(IS_GET_EXTI_LINE(EXTI_Line));
   8:	d933      	bls.n	72 <EXTI_GetITStatus+0x72>
   a:	2804      	cmp	r0, #4
   c:	d031      	beq.n	72 <EXTI_GetITStatus+0x72>
   e:	2808      	cmp	r0, #8
  10:	d02f      	beq.n	72 <EXTI_GetITStatus+0x72>
  12:	2810      	cmp	r0, #16
  14:	d02d      	beq.n	72 <EXTI_GetITStatus+0x72>
  16:	2820      	cmp	r0, #32
  18:	d02b      	beq.n	72 <EXTI_GetITStatus+0x72>
  1a:	2840      	cmp	r0, #64
  1c:	d029      	beq.n	72 <EXTI_GetITStatus+0x72>
  1e:	2880      	cmp	r0, #128
  20:	d027      	beq.n	72 <EXTI_GetITStatus+0x72>
  22:	f5b0 7f80 	cmp.w	r0, #256	; 0x100
  26:	d024      	beq.n	72 <EXTI_GetITStatus+0x72>
  28:	f5b0 7f00 	cmp.w	r0, #512	; 0x200
  2c:	d021      	beq.n	72 <EXTI_GetITStatus+0x72>
  2e:	f5b0 6f80 	cmp.w	r0, #1024	; 0x400
  32:	d01e      	beq.n	72 <EXTI_GetITStatus+0x72>
  34:	f5b0 6f00 	cmp.w	r0, #2048	; 0x800
  38:	d01b      	beq.n	72 <EXTI_GetITStatus+0x72>
  3a:	f5b0 5f80 	cmp.w	r0, #4096	; 0x1000
  3e:	d018      	beq.n	72 <EXTI_GetITStatus+0x72>
  40:	f5b0 5f00 	cmp.w	r0, #8192	; 0x2000
  44:	d015      	beq.n	72 <EXTI_GetITStatus+0x72>
  46:	f5b0 4f80 	cmp.w	r0, #16384	; 0x4000
  4a:	d012      	beq.n	72 <EXTI_GetITStatus+0x72>
  4c:	f5b0 4f00 	cmp.w	r0, #32768	; 0x8000
  50:	d00f      	beq.n	72 <EXTI_GetITStatus+0x72>
  52:	f5b0 3f80 	cmp.w	r0, #65536	; 0x10000
  56:	d00c      	beq.n	72 <EXTI_GetITStatus+0x72>
  58:	f5b0 3f00 	cmp.w	r0, #131072	; 0x20000
  5c:	d009      	beq.n	72 <EXTI_GetITStatus+0x72>
  5e:	f5b0 2f80 	cmp.w	r0, #262144	; 0x40000
  62:	d006      	beq.n	72 <EXTI_GetITStatus+0x72>
  64:	f5b0 2f00 	cmp.w	r0, #524288	; 0x80000
  68:	d003      	beq.n	72 <EXTI_GetITStatus+0x72>
  6a:	4807      	ldr	r0, [pc, #28]	(88 <EXTI_GetITStatus+0x88>)
  6c:	21e4      	movs	r1, #228
  6e:	f7ff fffe 	bl	0 <assert_failed>
C:\Users\Administrator\Downloads\MStory3.0\Libraries\STM32F10x_StdPeriph_Driver\src/stm32f10x_exti.c:230
  
  enablestatus =  EXTI->IMR & EXTI_Line;
  72:	4b06      	ldr	r3, [pc, #24]	(8c <EXTI_GetITStatus+0x8c>)
  74:	681a      	ldr	r2, [r3, #0]
C:\Users\Administrator\Downloads\MStory3.0\Libraries\STM32F10x_StdPeriph_Driver\src/stm32f10x_exti.c:231
  if (((EXTI->PR & EXTI_Line) != (uint32_t)RESET) && (enablestatus != (uint32_t)RESET))
  76:	695b      	ldr	r3, [r3, #20]
  78:	ea14 0003 	ands.w	r0, r4, r3
  7c:	d003      	beq.n	86 <EXTI_GetITStatus+0x86>
  7e:	4214      	tst	r4, r2
  80:	bf0c      	ite	eq
  82:	2000      	moveq	r0, #0
  84:	2001      	movne	r0, #1
C:\Users\Administrator\Downloads\MStory3.0\Libraries\STM32F10x_StdPeriph_Driver\src/stm32f10x_exti.c:240
  else
  {
    bitstatus = RESET;
  }
  return bitstatus;
}
  86:	bd10      	pop	{r4, pc}
  88:	00000000 	.word	0x00000000
  8c:	40010400 	.word	0x40010400
Disassembly of section .text.EXTI_ClearFlag:

00000000 <EXTI_ClearFlag>:
EXTI_ClearFlag():
C:\Users\Administrator\Downloads\MStory3.0\Libraries\STM32F10x_StdPeriph_Driver\src/stm32f10x_exti.c:211
  * @retval None
  */
void EXTI_ClearFlag(uint32_t EXTI_Line)
{
  /* Check the parameters */
  assert_param(IS_EXTI_LINE(EXTI_Line));
   0:	0d03      	lsrs	r3, r0, #20
   2:	051b      	lsls	r3, r3, #20
C:\Users\Administrator\Downloads\MStory3.0\Libraries\STM32F10x_StdPeriph_Driver\src/stm32f10x_exti.c:209
  * @param  EXTI_Line: specifies the EXTI lines flags to clear.
  *   This parameter can be any combination of EXTI_Linex where x can be (0..19).
  * @retval None
  */
void EXTI_ClearFlag(uint32_t EXTI_Line)
{
   4:	b510      	push	{r4, lr}
   6:	4604      	mov	r4, r0
C:\Users\Administrator\Downloads\MStory3.0\Libraries\STM32F10x_StdPeriph_Driver\src/stm32f10x_exti.c:211
  /* Check the parameters */
  assert_param(IS_EXTI_LINE(EXTI_Line));
   8:	b903      	cbnz	r3, c <EXTI_ClearFlag+0xc>
   a:	b918      	cbnz	r0, 14 <EXTI_ClearFlag+0x14>
   c:	4803      	ldr	r0, [pc, #12]	(1c <EXTI_ClearFlag+0x1c>)
   e:	21d3      	movs	r1, #211
  10:	f7ff fffe 	bl	0 <assert_failed>
C:\Users\Administrator\Downloads\MStory3.0\Libraries\STM32F10x_StdPeriph_Driver\src/stm32f10x_exti.c:213
  
  EXTI->PR = EXTI_Line;
  14:	4b02      	ldr	r3, [pc, #8]	(20 <EXTI_ClearFlag+0x20>)
  16:	615c      	str	r4, [r3, #20]
C:\Users\Administrator\Downloads\MStory3.0\Libraries\STM32F10x_StdPeriph_Driver\src/stm32f10x_exti.c:214
}
  18:	bd10      	pop	{r4, pc}
  1a:	46c0      	nop			(mov r8, r8)
  1c:	00000000 	.word	0x00000000
  20:	40010400 	.word	0x40010400
Disassembly of section .text.EXTI_GetFlagStatus:

00000000 <EXTI_GetFlagStatus>:
EXTI_GetFlagStatus():
C:\Users\Administrator\Downloads\MStory3.0\Libraries\STM32F10x_StdPeriph_Driver\src/stm32f10x_exti.c:189
  */
FlagStatus EXTI_GetFlagStatus(uint32_t EXTI_Line)
{
  FlagStatus bitstatus = RESET;
  /* Check the parameters */
  assert_param(IS_GET_EXTI_LINE(EXTI_Line));
   0:	1e43      	subs	r3, r0, #1
   2:	2b01      	cmp	r3, #1
C:\Users\Administrator\Downloads\MStory3.0\Libraries\STM32F10x_StdPeriph_Driver\src/stm32f10x_exti.c:186
  *   This parameter can be:
  *     @arg EXTI_Linex: External interrupt line x where x(0..19)
  * @retval The new state of EXTI_Line (SET or RESET).
  */
FlagStatus EXTI_GetFlagStatus(uint32_t EXTI_Line)
{
   4:	b510      	push	{r4, lr}
   6:	4604      	mov	r4, r0
C:\Users\Administrator\Downloads\MStory3.0\Libraries\STM32F10x_StdPeriph_Driver\src/stm32f10x_exti.c:189
  FlagStatus bitstatus = RESET;
  /* Check the parameters */
  assert_param(IS_GET_EXTI_LINE(EXTI_Line));
   8:	d933      	bls.n	72 <EXTI_GetFlagStatus+0x72>
   a:	2804      	cmp	r0, #4
   c:	d031      	beq.n	72 <EXTI_GetFlagStatus+0x72>
   e:	2808      	cmp	r0, #8
  10:	d02f      	beq.n	72 <EXTI_GetFlagStatus+0x72>
  12:	2810      	cmp	r0, #16
  14:	d02d      	beq.n	72 <EXTI_GetFlagStatus+0x72>
  16:	2820      	cmp	r0, #32
  18:	d02b      	beq.n	72 <EXTI_GetFlagStatus+0x72>
  1a:	2840      	cmp	r0, #64
  1c:	d029      	beq.n	72 <EXTI_GetFlagStatus+0x72>
  1e:	2880      	cmp	r0, #128
  20:	d027      	beq.n	72 <EXTI_GetFlagStatus+0x72>
  22:	f5b0 7f80 	cmp.w	r0, #256	; 0x100
  26:	d024      	beq.n	72 <EXTI_GetFlagStatus+0x72>
  28:	f5b0 7f00 	cmp.w	r0, #512	; 0x200
  2c:	d021      	beq.n	72 <EXTI_GetFlagStatus+0x72>
  2e:	f5b0 6f80 	cmp.w	r0, #1024	; 0x400
  32:	d01e      	beq.n	72 <EXTI_GetFlagStatus+0x72>
  34:	f5b0 6f00 	cmp.w	r0, #2048	; 0x800
  38:	d01b      	beq.n	72 <EXTI_GetFlagStatus+0x72>
  3a:	f5b0 5f80 	cmp.w	r0, #4096	; 0x1000
  3e:	d018      	beq.n	72 <EXTI_GetFlagStatus+0x72>
  40:	f5b0 5f00 	cmp.w	r0, #8192	; 0x2000
  44:	d015      	beq.n	72 <EXTI_GetFlagStatus+0x72>
  46:	f5b0 4f80 	cmp.w	r0, #16384	; 0x4000
  4a:	d012      	beq.n	72 <EXTI_GetFlagStatus+0x72>
  4c:	f5b0 4f00 	cmp.w	r0, #32768	; 0x8000
  50:	d00f      	beq.n	72 <EXTI_GetFlagStatus+0x72>
  52:	f5b0 3f80 	cmp.w	r0, #65536	; 0x10000
  56:	d00c      	beq.n	72 <EXTI_GetFlagStatus+0x72>
  58:	f5b0 3f00 	cmp.w	r0, #131072	; 0x20000
  5c:	d009      	beq.n	72 <EXTI_GetFlagStatus+0x72>
  5e:	f5b0 2f80 	cmp.w	r0, #262144	; 0x40000
  62:	d006      	beq.n	72 <EXTI_GetFlagStatus+0x72>
  64:	f5b0 2f00 	cmp.w	r0, #524288	; 0x80000
  68:	d003      	beq.n	72 <EXTI_GetFlagStatus+0x72>
  6a:	4805      	ldr	r0, [pc, #20]	(80 <EXTI_GetFlagStatus+0x80>)
  6c:	21bd      	movs	r1, #189
  6e:	f7ff fffe 	bl	0 <assert_failed>
C:\Users\Administrator\Downloads\MStory3.0\Libraries\STM32F10x_StdPeriph_Driver\src/stm32f10x_exti.c:191
  
  if ((EXTI->PR & EXTI_Line) != (uint32_t)RESET)
  72:	4b04      	ldr	r3, [pc, #16]	(84 <EXTI_GetFlagStatus+0x84>)
  74:	695b      	ldr	r3, [r3, #20]
  76:	421c      	tst	r4, r3
C:\Users\Administrator\Downloads\MStory3.0\Libraries\STM32F10x_StdPeriph_Driver\src/stm32f10x_exti.c:200
  else
  {
    bitstatus = RESET;
  }
  return bitstatus;
}
  78:	bf0c      	ite	eq
  7a:	2000      	moveq	r0, #0
  7c:	2001      	movne	r0, #1
  7e:	bd10      	pop	{r4, pc}
  80:	00000000 	.word	0x00000000
  84:	40010400 	.word	0x40010400
Disassembly of section .text.EXTI_GenerateSWInterrupt:

00000000 <EXTI_GenerateSWInterrupt>:
EXTI_GenerateSWInterrupt():
C:\Users\Administrator\Downloads\MStory3.0\Libraries\STM32F10x_StdPeriph_Driver\src/stm32f10x_exti.c:173
  * @retval None
  */
void EXTI_GenerateSWInterrupt(uint32_t EXTI_Line)
{
  /* Check the parameters */
  assert_param(IS_EXTI_LINE(EXTI_Line));
   0:	0d03      	lsrs	r3, r0, #20
   2:	051b      	lsls	r3, r3, #20
C:\Users\Administrator\Downloads\MStory3.0\Libraries\STM32F10x_StdPeriph_Driver\src/stm32f10x_exti.c:171
  * @param  EXTI_Line: specifies the EXTI lines to be enabled or disabled.
  *   This parameter can be any combination of EXTI_Linex where x can be (0..19).
  * @retval None
  */
void EXTI_GenerateSWInterrupt(uint32_t EXTI_Line)
{
   4:	b510      	push	{r4, lr}
   6:	4604      	mov	r4, r0
C:\Users\Administrator\Downloads\MStory3.0\Libraries\STM32F10x_StdPeriph_Driver\src/stm32f10x_exti.c:173
  /* Check the parameters */
  assert_param(IS_EXTI_LINE(EXTI_Line));
   8:	b903      	cbnz	r3, c <EXTI_GenerateSWInterrupt+0xc>
   a:	b918      	cbnz	r0, 14 <EXTI_GenerateSWInterrupt+0x14>
   c:	4804      	ldr	r0, [pc, #16]	(20 <EXTI_GenerateSWInterrupt+0x20>)
   e:	21ad      	movs	r1, #173
  10:	f7ff fffe 	bl	0 <assert_failed>
C:\Users\Administrator\Downloads\MStory3.0\Libraries\STM32F10x_StdPeriph_Driver\src/stm32f10x_exti.c:175
  
  EXTI->SWIER |= EXTI_Line;
  14:	4a03      	ldr	r2, [pc, #12]	(24 <EXTI_GenerateSWInterrupt+0x24>)
  16:	6913      	ldr	r3, [r2, #16]
  18:	ea44 0303 	orr.w	r3, r4, r3
  1c:	6113      	str	r3, [r2, #16]
C:\Users\Administrator\Downloads\MStory3.0\Libraries\STM32F10x_StdPeriph_Driver\src/stm32f10x_exti.c:176
}
  1e:	bd10      	pop	{r4, pc}
  20:	00000000 	.word	0x00000000
  24:	40010400 	.word	0x40010400
Disassembly of section .text.EXTI_Init:

00000000 <EXTI_Init>:
EXTI_Init():
C:\Users\Administrator\Downloads\MStory3.0\Libraries\STM32F10x_StdPeriph_Driver\src/stm32f10x_exti.c:105
void EXTI_Init(EXTI_InitTypeDef* EXTI_InitStruct)
{
  uint32_t tmp = 0;

  /* Check the parameters */
  assert_param(IS_EXTI_MODE(EXTI_InitStruct->EXTI_Mode));
   0:	7903      	ldrb	r3, [r0, #4]
C:\Users\Administrator\Downloads\MStory3.0\Libraries\STM32F10x_StdPeriph_Driver\src/stm32f10x_exti.c:101
  * @param  EXTI_InitStruct: pointer to a EXTI_InitTypeDef structure
  *   that contains the configuration information for the EXTI peripheral.
  * @retval None
  */
void EXTI_Init(EXTI_InitTypeDef* EXTI_InitStruct)
{
   2:	b570      	push	{r4, r5, r6, lr}
   4:	4605      	mov	r5, r0
C:\Users\Administrator\Downloads\MStory3.0\Libraries\STM32F10x_StdPeriph_Driver\src/stm32f10x_exti.c:105
  uint32_t tmp = 0;

  /* Check the parameters */
  assert_param(IS_EXTI_MODE(EXTI_InitStruct->EXTI_Mode));
   6:	b12b      	cbz	r3, 14 <EXTI_Init+0x14>
   8:	2b04      	cmp	r3, #4
   a:	d003      	beq.n	14 <EXTI_Init+0x14>
   c:	482a      	ldr	r0, [pc, #168]	(b8 <EXTI_Init+0xb8>)
   e:	2169      	movs	r1, #105
  10:	f7ff fffe 	bl	0 <assert_failed>
C:\Users\Administrator\Downloads\MStory3.0\Libraries\STM32F10x_StdPeriph_Driver\src/stm32f10x_exti.c:106
  assert_param(IS_EXTI_TRIGGER(EXTI_InitStruct->EXTI_Trigger));
  14:	796b      	ldrb	r3, [r5, #5]
  16:	2b08      	cmp	r3, #8
  18:	d007      	beq.n	2a <EXTI_Init+0x2a>
  1a:	2b0c      	cmp	r3, #12
  1c:	d005      	beq.n	2a <EXTI_Init+0x2a>
  1e:	2b10      	cmp	r3, #16
  20:	d003      	beq.n	2a <EXTI_Init+0x2a>
  22:	4825      	ldr	r0, [pc, #148]	(b8 <EXTI_Init+0xb8>)
  24:	216a      	movs	r1, #106
  26:	f7ff fffe 	bl	0 <assert_failed>
C:\Users\Administrator\Downloads\MStory3.0\Libraries\STM32F10x_StdPeriph_Driver\src/stm32f10x_exti.c:107
  assert_param(IS_EXTI_LINE(EXTI_InitStruct->EXTI_Line));  
  2a:	682a      	ldr	r2, [r5, #0]
  2c:	0d13      	lsrs	r3, r2, #20
  2e:	051b      	lsls	r3, r3, #20
  30:	b903      	cbnz	r3, 34 <EXTI_Init+0x34>
  32:	b91a      	cbnz	r2, 3c <EXTI_Init+0x3c>
  34:	4820      	ldr	r0, [pc, #128]	(b8 <EXTI_Init+0xb8>)
  36:	216b      	movs	r1, #107
  38:	f7ff fffe 	bl	0 <assert_failed>
C:\Users\Administrator\Downloads\MStory3.0\Libraries\STM32F10x_StdPeriph_Driver\src/stm32f10x_exti.c:108
  assert_param(IS_FUNCTIONAL_STATE(EXTI_InitStruct->EXTI_LineCmd));
  3c:	79ab      	ldrb	r3, [r5, #6]
  3e:	2b01      	cmp	r3, #1
  40:	d903      	bls.n	4a <EXTI_Init+0x4a>
  42:	481d      	ldr	r0, [pc, #116]	(b8 <EXTI_Init+0xb8>)
  44:	216c      	movs	r1, #108
  46:	f7ff fffe 	bl	0 <assert_failed>
C:\Users\Administrator\Downloads\MStory3.0\Libraries\STM32F10x_StdPeriph_Driver\src/stm32f10x_exti.c:112

  tmp = (uint32_t)EXTI_BASE;
     
  if (EXTI_InitStruct->EXTI_LineCmd != DISABLE)
  4a:	79ab      	ldrb	r3, [r5, #6]
  4c:	792c      	ldrb	r4, [r5, #4]
  4e:	6828      	ldr	r0, [r5, #0]
  50:	b34b      	cbz	r3, a6 <EXTI_Init+0xa6>
C:\Users\Administrator\Downloads\MStory3.0\Libraries\STM32F10x_StdPeriph_Driver\src/stm32f10x_exti.c:115
  {
    /* Clear EXTI line configuration */
    EXTI->IMR &= ~EXTI_InitStruct->EXTI_Line;
  52:	491a      	ldr	r1, [pc, #104]	(bc <EXTI_Init+0xbc>)
  54:	43c2      	mvns	r2, r0
  56:	680b      	ldr	r3, [r1, #0]
  58:	ea02 0303 	and.w	r3, r2, r3
  5c:	600b      	str	r3, [r1, #0]
C:\Users\Administrator\Downloads\MStory3.0\Libraries\STM32F10x_StdPeriph_Driver\src/stm32f10x_exti.c:116
    EXTI->EMR &= ~EXTI_InitStruct->EXTI_Line;
  5e:	684b      	ldr	r3, [r1, #4]
  60:	401a      	ands	r2, r3
  62:	604a      	str	r2, [r1, #4]
C:\Users\Administrator\Downloads\MStory3.0\Libraries\STM32F10x_StdPeriph_Driver\src/stm32f10x_exti.c:120
    
    tmp += EXTI_InitStruct->EXTI_Mode;

    *(__IO uint32_t *) tmp |= EXTI_InitStruct->EXTI_Line;
  64:	f104 4280 	add.w	r2, r4, #1073741824	; 0x40000000
  68:	f502 3282 	add.w	r2, r2, #66560	; 0x10400
  6c:	6813      	ldr	r3, [r2, #0]
  6e:	4303      	orrs	r3, r0
  70:	6013      	str	r3, [r2, #0]
C:\Users\Administrator\Downloads\MStory3.0\Libraries\STM32F10x_StdPeriph_Driver\src/stm32f10x_exti.c:123

    /* Clear Rising Falling edge configuration */
    EXTI->RTSR &= ~EXTI_InitStruct->EXTI_Line;
  72:	682c      	ldr	r4, [r5, #0]
  74:	688b      	ldr	r3, [r1, #8]
  76:	43e2      	mvns	r2, r4
  78:	ea02 0303 	and.w	r3, r2, r3
  7c:	608b      	str	r3, [r1, #8]
C:\Users\Administrator\Downloads\MStory3.0\Libraries\STM32F10x_StdPeriph_Driver\src/stm32f10x_exti.c:124
    EXTI->FTSR &= ~EXTI_InitStruct->EXTI_Line;
  7e:	68cb      	ldr	r3, [r1, #12]
C:\Users\Administrator\Downloads\MStory3.0\Libraries\STM32F10x_StdPeriph_Driver\src/stm32f10x_exti.c:127
    
    /* Select the trigger for the selected external interrupts */
    if (EXTI_InitStruct->EXTI_Trigger == EXTI_Trigger_Rising_Falling)
  80:	7968      	ldrb	r0, [r5, #5]
C:\Users\Administrator\Downloads\MStory3.0\Libraries\STM32F10x_StdPeriph_Driver\src/stm32f10x_exti.c:124

    *(__IO uint32_t *) tmp |= EXTI_InitStruct->EXTI_Line;

    /* Clear Rising Falling edge configuration */
    EXTI->RTSR &= ~EXTI_InitStruct->EXTI_Line;
    EXTI->FTSR &= ~EXTI_InitStruct->EXTI_Line;
  82:	401a      	ands	r2, r3
C:\Users\Administrator\Downloads\MStory3.0\Libraries\STM32F10x_StdPeriph_Driver\src/stm32f10x_exti.c:127
    
    /* Select the trigger for the selected external interrupts */
    if (EXTI_InitStruct->EXTI_Trigger == EXTI_Trigger_Rising_Falling)
  84:	2810      	cmp	r0, #16
C:\Users\Administrator\Downloads\MStory3.0\Libraries\STM32F10x_StdPeriph_Driver\src/stm32f10x_exti.c:124

    *(__IO uint32_t *) tmp |= EXTI_InitStruct->EXTI_Line;

    /* Clear Rising Falling edge configuration */
    EXTI->RTSR &= ~EXTI_InitStruct->EXTI_Line;
    EXTI->FTSR &= ~EXTI_InitStruct->EXTI_Line;
  86:	60ca      	str	r2, [r1, #12]
C:\Users\Administrator\Downloads\MStory3.0\Libraries\STM32F10x_StdPeriph_Driver\src/stm32f10x_exti.c:127
    
    /* Select the trigger for the selected external interrupts */
    if (EXTI_InitStruct->EXTI_Trigger == EXTI_Trigger_Rising_Falling)
  88:	d106      	bne.n	98 <EXTI_Init+0x98>
C:\Users\Administrator\Downloads\MStory3.0\Libraries\STM32F10x_StdPeriph_Driver\src/stm32f10x_exti.c:130
    {
      /* Rising Falling edge */
      EXTI->RTSR |= EXTI_InitStruct->EXTI_Line;
  8a:	688b      	ldr	r3, [r1, #8]
  8c:	4323      	orrs	r3, r4
  8e:	608b      	str	r3, [r1, #8]
C:\Users\Administrator\Downloads\MStory3.0\Libraries\STM32F10x_StdPeriph_Driver\src/stm32f10x_exti.c:131
      EXTI->FTSR |= EXTI_InitStruct->EXTI_Line;
  90:	68cb      	ldr	r3, [r1, #12]
  92:	4323      	orrs	r3, r4
  94:	60cb      	str	r3, [r1, #12]
  96:	e00e      	b.n	b6 <EXTI_Init+0xb6>
C:\Users\Administrator\Downloads\MStory3.0\Libraries\STM32F10x_StdPeriph_Driver\src/stm32f10x_exti.c:138
    else
    {
      tmp = (uint32_t)EXTI_BASE;
      tmp += EXTI_InitStruct->EXTI_Trigger;

      *(__IO uint32_t *) tmp |= EXTI_InitStruct->EXTI_Line;
  98:	f100 4280 	add.w	r2, r0, #1073741824	; 0x40000000
  9c:	f502 3282 	add.w	r2, r2, #66560	; 0x10400
  a0:	6813      	ldr	r3, [r2, #0]
  a2:	4323      	orrs	r3, r4
  a4:	e006      	b.n	b4 <EXTI_Init+0xb4>
C:\Users\Administrator\Downloads\MStory3.0\Libraries\STM32F10x_StdPeriph_Driver\src/stm32f10x_exti.c:146
  else
  {
    tmp += EXTI_InitStruct->EXTI_Mode;

    /* Disable the selected external lines */
    *(__IO uint32_t *) tmp &= ~EXTI_InitStruct->EXTI_Line;
  a6:	f104 4280 	add.w	r2, r4, #1073741824	; 0x40000000
  aa:	f502 3282 	add.w	r2, r2, #66560	; 0x10400
  ae:	6813      	ldr	r3, [r2, #0]
  b0:	ea23 0300 	bic.w	r3, r3, r0
  b4:	6013      	str	r3, [r2, #0]
C:\Users\Administrator\Downloads\MStory3.0\Libraries\STM32F10x_StdPeriph_Driver\src/stm32f10x_exti.c:148
  }
}
  b6:	bd70      	pop	{r4, r5, r6, pc}
  b8:	00000000 	.word	0x00000000
  bc:	40010400 	.word	0x40010400
