stm32f4xx_it.c:54:6:NMI_Handler	4	static
stm32f4xx_it.c:67:6:HardFault_Handler	4	static
stm32f4xx_it.c:85:6:MemManage_Handler	4	static
stm32f4xx_it.c:103:6:BusFault_Handler	4	static
stm32f4xx_it.c:121:6:UsageFault_Handler	4	static
stm32f4xx_it.c:139:6:SVC_Handler	4	static
stm32f4xx_it.c:152:6:DebugMon_Handler	4	static
stm32f4xx_it.c:165:6:PendSV_Handler	4	static
stm32f4xx_it.c:178:6:SysTick_Handler	8	static
stm32f4xx_it.c:200:6:EXTI3_IRQHandler	8	static
stm32f4xx_it.c:214:6:EXTI4_IRQHandler	8	static
stm32f4xx_it.c:228:6:USART3_IRQHandler	8	static
stm32f4xx_it.c:242:6:EXTI15_10_IRQHandler	8	static
stm32f4xx_it.c:257:6:TIM7_IRQHandler	8	static
stm32f4xx_it.c:271:6:DMA2_Stream0_IRQHandler	8	static
