
D:\WkPjt.Src\MStory3.0\Unit_0\BaseProgram\project\RIDE_Z1\obj\hal_int.o:     file format elf32-littlearm
D:\WkPjt.Src\MStory3.0\Unit_0\BaseProgram\project\RIDE_Z1\obj\hal_int.o

Disassembly of section .text.halIntOn:

00000000 <halIntOn>:
halIntOn():
D:\WkPjt.Src\MStory3.0\Unit_0\BaseProgram\cc2520/hal_int.c:31
* @return  none
*/
void halIntOn(void)
{
    HAL_INT_ON();
}
   0:	4770      	bx	lr
   2:	46c0      	nop			(mov r8, r8)
Disassembly of section .text.halIntOff:

00000000 <halIntOff>:
halIntOff():
D:\WkPjt.Src\MStory3.0\Unit_0\BaseProgram\cc2520/hal_int.c:46
* @return  none
*/
void halIntOff(void)
{
    HAL_INT_OFF();
}
   0:	4770      	bx	lr
   2:	46c0      	nop			(mov r8, r8)
Disassembly of section .text.halIntLock:

00000000 <halIntLock>:
halIntLock():
D:\WkPjt.Src\MStory3.0\Unit_0\BaseProgram\cc2520/hal_int.c:68
    HAL_INT_LOCK(key);
    return(key);
#else
    return 0;
#endif
}
   0:	2000      	movs	r0, #0
   2:	4770      	bx	lr
Disassembly of section .text.halIntUnlock:

00000000 <halIntUnlock>:
halIntUnlock():
D:\WkPjt.Src\MStory3.0\Unit_0\BaseProgram\cc2520/hal_int.c:84
* @return  none
*/
void halIntUnlock(uint16 key)
{
    HAL_INT_UNLOCK(key);
}
   0:	4770      	bx	lr
   2:	46c0      	nop			(mov r8, r8)
