
D:\WkPjt.Src\MStory3.0\Unit_0\BaseProgram\project\RIDE_Z1\obj\hal_rf_security.o:     file format elf32-littlearm
D:\WkPjt.Src\MStory3.0\Unit_0\BaseProgram\project\RIDE_Z1\obj\hal_rf_security.o

Disassembly of section .text.halRfIncNonceTx:

00000000 <halRfIncNonceTx>:
halRfIncNonceTx():
D:\WkPjt.Src\MStory3.0\Unit_0\BaseProgram\cc2520/hal_rf_security.c:175
* @param   none
*
* @return  none
*/
void halRfIncNonceTx(void)
{
   0:	b510      	push	{r4, lr}
D:\WkPjt.Src\MStory3.0\Unit_0\BaseProgram\cc2520/hal_rf_security.c:180
    // Increment frame counter field of 16 byte nonce TX
    // Frame counter field is 4 bytes long

    // Increment framecounter bytes (3-6) of nonce TX
    CC2520_INC(HIGH_PRIORITY, 2, ADDR_NONCE_TX+3);
   2:	2001      	movs	r0, #1
   4:	2102      	movs	r1, #2
   6:	f240 3223 	movw	r2, #803	; 0x323
   a:	f7ff fffe 	bl	0 <CC2520_INC>
D:\WkPjt.Src\MStory3.0\Unit_0\BaseProgram\cc2520/hal_rf_security.c:181
    WAIT_DPU_DONE_H();
   e:	2000      	movs	r0, #0
  10:	f7ff fffe 	bl	0 <CC2520_INS_STROBE>
  14:	f010 0f08 	tst.w	r0, #8	; 0x8
  18:	d1f9      	bne.n	e <CC2520_INS_STROBE+0xe>
D:\WkPjt.Src\MStory3.0\Unit_0\BaseProgram\cc2520/hal_rf_security.c:182
}
  1a:	bd10      	pop	{r4, pc}
Disassembly of section .text.halRfWriteTxBufSecure:

00000000 <halRfWriteTxBufSecure>:
halRfWriteTxBufSecure():
D:\WkPjt.Src\MStory3.0\Unit_0\BaseProgram\cc2520/hal_rf_security.c:130
*                   field 4,8,16)
*
* @return  none
*/
void halRfWriteTxBufSecure(uint8* data, uint8 length, uint8 encrLength, uint8 authLength, uint8 m)
{
   0:	e92d 43f0 	stmdb	sp!, {r4, r5, r6, r7, r8, r9, lr}
   4:	b085      	sub	sp, #20
   6:	f89d 4030 	ldrb.w	r4, [sp, #48]
   a:	4606      	mov	r6, r0
D:\WkPjt.Src\MStory3.0\Unit_0\BaseProgram\cc2520/hal_rf_security.c:137

    // Check range of m
#if 0 // POOH
    HAL_ASSERT(m<=4);
#else
    if( m > 4 )
   c:	2c04      	cmp	r4, #4
D:\WkPjt.Src\MStory3.0\Unit_0\BaseProgram\cc2520/hal_rf_security.c:130
*                   field 4,8,16)
*
* @return  none
*/
void halRfWriteTxBufSecure(uint8* data, uint8 length, uint8 encrLength, uint8 authLength, uint8 m)
{
   e:	4688      	mov	r8, r1
  10:	4691      	mov	r9, r2
  12:	461f      	mov	r7, r3
D:\WkPjt.Src\MStory3.0\Unit_0\BaseProgram\cc2520/hal_rf_security.c:137

    // Check range of m
#if 0 // POOH
    HAL_ASSERT(m<=4);
#else
    if( m > 4 )
  14:	d903      	bls.n	1e <halRfWriteTxBufSecure+0x1e>
D:\WkPjt.Src\MStory3.0\Unit_0\BaseProgram\cc2520/hal_rf_security.c:139
    {
        DEBUG_MSG_ASSERT;
  16:	481a      	ldr	r0, [pc, #104]	(80 <halRfWriteTxBufSecure+0x80>)
  18:	218b      	movs	r1, #139
  1a:	f7ff fffe 	bl	0 <DebugMsg_Assert>
D:\WkPjt.Src\MStory3.0\Unit_0\BaseProgram\cc2520/hal_rf_security.c:143
    }
#endif

    if(m>0) {
  1e:	b90c      	cbnz	r4, 24 <halRfWriteTxBufSecure+0x24>
  20:	4625      	mov	r5, r4
  22:	e002      	b.n	2a <halRfWriteTxBufSecure+0x2a>
D:\WkPjt.Src\MStory3.0\Unit_0\BaseProgram\cc2520/hal_rf_security.c:144
        micLength = 0x2<<m;
  24:	2302      	movs	r3, #2
  26:	40a3      	lsls	r3, r4
  28:	b2dd      	uxtb	r5, r3
D:\WkPjt.Src\MStory3.0\Unit_0\BaseProgram\cc2520/hal_rf_security.c:151
    else if(m==0) {
        micLength=0;
    }

    // Write packet to work buffer
    CC2520_MEMWR(ADDR_TX, length, data);
  2a:	4641      	mov	r1, r8
  2c:	4632      	mov	r2, r6
  2e:	f44f 7020 	mov.w	r0, #640	; 0x280
  32:	f7ff fffe 	bl	0 <CC2520_MEMWR>
D:\WkPjt.Src\MStory3.0\Unit_0\BaseProgram\cc2520/hal_rf_security.c:155

    // skip the length byte and start from the next byte in TXBUF
    // Outgoing frame uses nonce_tx
    CC2520_CCM(HIGH_PRIORITY,ADDR_KEY/16, encrLength, ADDR_NONCE_TX/16, ADDR_TX+1, 0, authLength, m);
  36:	f240 2381 	movw	r3, #641	; 0x281
  3a:	9300      	str	r3, [sp, #0]
  3c:	2300      	movs	r3, #0
  3e:	9301      	str	r3, [sp, #4]
  40:	2001      	movs	r0, #1
  42:	2130      	movs	r1, #48
  44:	464a      	mov	r2, r9
  46:	3332      	adds	r3, #50
  48:	9702      	str	r7, [sp, #8]
  4a:	9403      	str	r4, [sp, #12]
  4c:	f7ff fffe 	bl	0 <CC2520_CCM>
D:\WkPjt.Src\MStory3.0\Unit_0\BaseProgram\cc2520/hal_rf_security.c:156
    WAIT_DPU_DONE_H();
  50:	2000      	movs	r0, #0
  52:	f7ff fffe 	bl	0 <CC2520_INS_STROBE>
  56:	f010 0308 	ands.w	r3, r0, #8	; 0x8
  5a:	d1f9      	bne.n	50 <halRfWriteTxBufSecure+0x50>
D:\WkPjt.Src\MStory3.0\Unit_0\BaseProgram\cc2520/hal_rf_security.c:159

    // copy from work buffer to TX FIFO
    CC2520_TXBUFCP(HIGH_PRIORITY, ADDR_TX, length+micLength, NULL);
  5c:	eb05 0208 	add.w	r2, r5, r8
  60:	2001      	movs	r0, #1
  62:	f44f 7120 	mov.w	r1, #640	; 0x280
  66:	b2d2      	uxtb	r2, r2
  68:	f7ff fffe 	bl	0 <CC2520_TXBUFCP>
D:\WkPjt.Src\MStory3.0\Unit_0\BaseProgram\cc2520/hal_rf_security.c:160
    WAIT_DPU_DONE_H();
  6c:	2000      	movs	r0, #0
  6e:	f7ff fffe 	bl	0 <CC2520_INS_STROBE>
  72:	f010 0f08 	tst.w	r0, #8	; 0x8
  76:	d1f9      	bne.n	6c <halRfWriteTxBufSecure+0x6c>
D:\WkPjt.Src\MStory3.0\Unit_0\BaseProgram\cc2520/hal_rf_security.c:162

}
  78:	b005      	add	sp, #20
  7a:	e8bd 83f0 	ldmia.w	sp!, {r4, r5, r6, r7, r8, r9, pc}
  7e:	46c0      	nop			(mov r8, r8)
  80:	00000000 	.word	0x00000000
Disassembly of section .text.halRfReadRxBufSecure:

00000000 <halRfReadRxBufSecure>:
halRfReadRxBufSecure():
D:\WkPjt.Src\MStory3.0\Unit_0\BaseProgram\cc2520/hal_rf_security.c:80
*
* @return  HAL_RF_SUCCESS or HAL_RF_FAILED
*/
uint8 halRfReadRxBufSecure(uint8* data, uint8 length, uint8 encrLength, \
    uint8 authLength, uint8 m)
{
   0:	e92d 41ff 	stmdb	sp!, {r0, r1, r2, r3, r4, r5, r6, r7, r8, lr}
   4:	460d      	mov	r5, r1
   6:	4680      	mov	r8, r0
   8:	4617      	mov	r7, r2
   a:	461c      	mov	r4, r3
D:\WkPjt.Src\MStory3.0\Unit_0\BaseProgram\cc2520/hal_rf_security.c:83
    uint8 dpuStat;

    CC2520_RXBUFMOV(HIGH_PRIORITY, ADDR_RX, length, NULL);
   c:	2001      	movs	r0, #1
   e:	f44f 7100 	mov.w	r1, #512	; 0x200
  12:	462a      	mov	r2, r5
  14:	2300      	movs	r3, #0
D:\WkPjt.Src\MStory3.0\Unit_0\BaseProgram\cc2520/hal_rf_security.c:80
*
* @return  HAL_RF_SUCCESS or HAL_RF_FAILED
*/
uint8 halRfReadRxBufSecure(uint8* data, uint8 length, uint8 encrLength, \
    uint8 authLength, uint8 m)
{
  16:	f89d 6028 	ldrb.w	r6, [sp, #40]
D:\WkPjt.Src\MStory3.0\Unit_0\BaseProgram\cc2520/hal_rf_security.c:83
    uint8 dpuStat;

    CC2520_RXBUFMOV(HIGH_PRIORITY, ADDR_RX, length, NULL);
  1a:	f7ff fffe 	bl	0 <CC2520_RXBUFMOV>
D:\WkPjt.Src\MStory3.0\Unit_0\BaseProgram\cc2520/hal_rf_security.c:84
    WAIT_DPU_DONE_H();
  1e:	2000      	movs	r0, #0
  20:	f7ff fffe 	bl	0 <CC2520_INS_STROBE>
  24:	f010 0f08 	tst.w	r0, #8	; 0x8
  28:	d1f9      	bne.n	1e <halRfReadRxBufSecure+0x1e>
D:\WkPjt.Src\MStory3.0\Unit_0\BaseProgram\cc2520/hal_rf_security.c:89

    // Find Framecounter value in received packet starting from 10th byte
    // Copy in to nonce bytes (3-6) frame counter bytes
    // Incoming frame uses nonce Rx
    CC2520_MEMCP(HIGH_PRIORITY, 4, ADDR_RX+10, ADDR_NONCE_RX+3);
  2a:	2001      	movs	r0, #1
  2c:	2104      	movs	r1, #4
  2e:	f240 220a 	movw	r2, #522	; 0x20a
  32:	f240 3313 	movw	r3, #787	; 0x313
  36:	f7ff fffe 	bl	0 <CC2520_MEMCP>
D:\WkPjt.Src\MStory3.0\Unit_0\BaseProgram\cc2520/hal_rf_security.c:90
    WAIT_DPU_DONE_H();
  3a:	2000      	movs	r0, #0
  3c:	f7ff fffe 	bl	0 <CC2520_INS_STROBE>
  40:	f010 0f08 	tst.w	r0, #8	; 0x8
  44:	d1f9      	bne.n	3a <halRfReadRxBufSecure+0x3a>
D:\WkPjt.Src\MStory3.0\Unit_0\BaseProgram\cc2520/hal_rf_security.c:93

    // Copy in short address to nonce bytes (7-8)
    CC2520_MEMCP(HIGH_PRIORITY, 2, ADDR_RX+7, ADDR_NONCE_RX+7);
  46:	2001      	movs	r0, #1
  48:	2102      	movs	r1, #2
  4a:	f240 2207 	movw	r2, #519	; 0x207
  4e:	f240 3317 	movw	r3, #791	; 0x317
  52:	f7ff fffe 	bl	0 <CC2520_MEMCP>
D:\WkPjt.Src\MStory3.0\Unit_0\BaseProgram\cc2520/hal_rf_security.c:94
    WAIT_DPU_DONE_H();
  56:	2000      	movs	r0, #0
  58:	f7ff fffe 	bl	0 <CC2520_INS_STROBE>
  5c:	f010 0f08 	tst.w	r0, #8	; 0x8
  60:	d1f9      	bne.n	56 <halRfReadRxBufSecure+0x56>
D:\WkPjt.Src\MStory3.0\Unit_0\BaseProgram\cc2520/hal_rf_security.c:97

    // Perform decryption and authentication
    CC2520_UCCM(HIGH_PRIORITY,ADDR_KEY/16, encrLength, ADDR_NONCE_RX/16, ADDR_RX, ADDR_RX+authLength, authLength, m);
  62:	f44f 7300 	mov.w	r3, #512	; 0x200
  66:	9300      	str	r3, [sp, #0]
  68:	18e3      	adds	r3, r4, r3
  6a:	9301      	str	r3, [sp, #4]
  6c:	2001      	movs	r0, #1
  6e:	2130      	movs	r1, #48
  70:	463a      	mov	r2, r7
  72:	2331      	movs	r3, #49
  74:	9402      	str	r4, [sp, #8]
  76:	9603      	str	r6, [sp, #12]
  78:	f7ff fffe 	bl	0 <CC2520_UCCM>
D:\WkPjt.Src\MStory3.0\Unit_0\BaseProgram\cc2520/hal_rf_security.c:98
    WAIT_DPU_DONE_H();
  7c:	2000      	movs	r0, #0
  7e:	f7ff fffe 	bl	0 <CC2520_INS_STROBE>
  82:	f010 0f08 	tst.w	r0, #8	; 0x8
  86:	d1f9      	bne.n	7c <halRfReadRxBufSecure+0x7c>
D:\WkPjt.Src\MStory3.0\Unit_0\BaseProgram\cc2520/hal_rf_security.c:101

    // Check authentication status
    dpuStat = CC2520_REGRD8(CC2520_DPUSTAT);
  88:	202c      	movs	r0, #44
  8a:	f7ff fffe 	bl	0 <CC2520_REGRD8>
  8e:	4604      	mov	r4, r0
D:\WkPjt.Src\MStory3.0\Unit_0\BaseProgram\cc2520/hal_rf_security.c:104

    // Read from RX work buffer into data buffer
    CC2520_MEMRD(ADDR_RX, length, data);
  90:	4629      	mov	r1, r5
  92:	4642      	mov	r2, r8
  94:	f084 0408 	eor.w	r4, r4, #8	; 0x8
  98:	f44f 7000 	mov.w	r0, #512	; 0x200
  9c:	f7ff fffe 	bl	0 <CC2520_MEMRD>
D:\WkPjt.Src\MStory3.0\Unit_0\BaseProgram\cc2520/hal_rf_security.c:112
        // Authentication failed
        return HAL_RF_FAILED;
    } else {
        return HAL_RF_SUCCESS;
    }
}
  a0:	f3c4 00c0 	ubfx	r0, r4, #3, #1
  a4:	b004      	add	sp, #16
  a6:	e8bd 81f0 	ldmia.w	sp!, {r4, r5, r6, r7, r8, pc}
  aa:	46c0      	nop			(mov r8, r8)
Disassembly of section .text.halRfSecurityInit:

00000000 <halRfSecurityInit>:
halRfSecurityInit():
D:\WkPjt.Src\MStory3.0\Unit_0\BaseProgram\cc2520/hal_rf_security.c:44
* @param   none
*
* @return  none
*/
void halRfSecurityInit(uint8* key, uint8* nonceRx, uint8* nonceTx)
{
   0:	4603      	mov	r3, r0
   2:	b570      	push	{r4, r5, r6, lr}
D:\WkPjt.Src\MStory3.0\Unit_0\BaseProgram\cc2520/hal_rf_security.c:46
    // Write key
    CC2520_MEMWR(ADDR_KEY,KEY_LENGTH,key);
   4:	f44f 7040 	mov.w	r0, #768	; 0x300
D:\WkPjt.Src\MStory3.0\Unit_0\BaseProgram\cc2520/hal_rf_security.c:44
* @param   none
*
* @return  none
*/
void halRfSecurityInit(uint8* key, uint8* nonceRx, uint8* nonceTx)
{
   8:	460c      	mov	r4, r1
   a:	4615      	mov	r5, r2
D:\WkPjt.Src\MStory3.0\Unit_0\BaseProgram\cc2520/hal_rf_security.c:46
    // Write key
    CC2520_MEMWR(ADDR_KEY,KEY_LENGTH,key);
   c:	2110      	movs	r1, #16
   e:	461a      	mov	r2, r3
  10:	f7ff fffe 	bl	0 <CC2520_MEMWR>
D:\WkPjt.Src\MStory3.0\Unit_0\BaseProgram\cc2520/hal_rf_security.c:49

    // Write nonce RX
    CC2520_MEMWR(ADDR_NONCE_RX,NONCE_LENGTH,nonceRx);
  14:	2110      	movs	r1, #16
  16:	4622      	mov	r2, r4
  18:	f44f 7044 	mov.w	r0, #784	; 0x310
  1c:	f7ff fffe 	bl	0 <CC2520_MEMWR>
D:\WkPjt.Src\MStory3.0\Unit_0\BaseProgram\cc2520/hal_rf_security.c:52

    // Write nonce TX
    CC2520_MEMWR(ADDR_NONCE_TX,NONCE_LENGTH,nonceTx);
  20:	2110      	movs	r1, #16
  22:	462a      	mov	r2, r5
  24:	f44f 7048 	mov.w	r0, #800	; 0x320
  28:	f7ff fffe 	bl	0 <CC2520_MEMWR>
D:\WkPjt.Src\MStory3.0\Unit_0\BaseProgram\cc2520/hal_rf_security.c:55

    // Reverse key
    CC2520_MEMCPR(HIGH_PRIORITY,KEY_LENGTH,ADDR_KEY,ADDR_KEY);
  2c:	f44f 7240 	mov.w	r2, #768	; 0x300
  30:	2110      	movs	r1, #16
  32:	4613      	mov	r3, r2
  34:	2001      	movs	r0, #1
  36:	f7ff fffe 	bl	0 <CC2520_MEMCPR>
D:\WkPjt.Src\MStory3.0\Unit_0\BaseProgram\cc2520/hal_rf_security.c:58

    // Reverse nonces
    CC2520_MEMCPR(HIGH_PRIORITY,NONCE_LENGTH,ADDR_NONCE_RX,ADDR_NONCE_RX);
  3a:	f44f 7244 	mov.w	r2, #784	; 0x310
  3e:	2110      	movs	r1, #16
  40:	4613      	mov	r3, r2
  42:	2001      	movs	r0, #1
  44:	f7ff fffe 	bl	0 <CC2520_MEMCPR>
D:\WkPjt.Src\MStory3.0\Unit_0\BaseProgram\cc2520/hal_rf_security.c:59
    CC2520_MEMCPR(HIGH_PRIORITY,NONCE_LENGTH,ADDR_NONCE_TX,ADDR_NONCE_TX);
  48:	f44f 7248 	mov.w	r2, #800	; 0x320
  4c:	2001      	movs	r0, #1
  4e:	2110      	movs	r1, #16
  50:	4613      	mov	r3, r2
  52:	f7ff fffe 	bl	0 <CC2520_MEMCPR>
D:\WkPjt.Src\MStory3.0\Unit_0\BaseProgram\cc2520/hal_rf_security.c:60
}
  56:	bd70      	pop	{r4, r5, r6, pc}
