
D:\WkPjt.Src\MStory3.0\Unit_0\BaseProgram\project\RIDE_Z1\obj\hw_config.o:     file format elf32-littlearm
D:\WkPjt.Src\MStory3.0\Unit_0\BaseProgram\project\RIDE_Z1\obj\hw_config.o

Disassembly of section .text.Get_SerialNum:

00000000 <Get_SerialNum>:
Get_SerialNum():
D:\WkPjt.Src\MStory3.0\Unit_0\BaseProgram\src/hw_config.c:393
*******************************************************************************/
void Get_SerialNum(void)
{
  uint32_t Device_Serial0, Device_Serial1, Device_Serial2;
  
  Device_Serial0 = *(uint32_t*)(0x1FFFF7E8);
   0:	4b12      	ldr	r3, [pc, #72]	(4c <Get_SerialNum+0x4c>)
D:\WkPjt.Src\MStory3.0\Unit_0\BaseProgram\src/hw_config.c:390
* Input          : None.
* Output         : None.
* Return         : None.
*******************************************************************************/
void Get_SerialNum(void)
{
   2:	b510      	push	{r4, lr}
D:\WkPjt.Src\MStory3.0\Unit_0\BaseProgram\src/hw_config.c:393
  uint32_t Device_Serial0, Device_Serial1, Device_Serial2;
  
  Device_Serial0 = *(uint32_t*)(0x1FFFF7E8);
   4:	6819      	ldr	r1, [r3, #0]
D:\WkPjt.Src\MStory3.0\Unit_0\BaseProgram\src/hw_config.c:394
  Device_Serial1 = *(uint32_t*)(0x1FFFF7EC);
   6:	3304      	adds	r3, #4
   8:	6818      	ldr	r0, [r3, #0]
D:\WkPjt.Src\MStory3.0\Unit_0\BaseProgram\src/hw_config.c:395
  Device_Serial2 = *(uint32_t*)(0x1FFFF7F0);
   a:	3304      	adds	r3, #4
   c:	681c      	ldr	r4, [r3, #0]
D:\WkPjt.Src\MStory3.0\Unit_0\BaseProgram\src/hw_config.c:397
  
  if(Device_Serial0 != 0)
   e:	b1d9      	cbz	r1, 48 <Get_SerialNum+0x48>
D:\WkPjt.Src\MStory3.0\Unit_0\BaseProgram\src/hw_config.c:399
  {
     CustomHID_StringSerial[2] = (uint8_t)(Device_Serial0 & 0x000000FF);  
  10:	4a0f      	ldr	r2, [pc, #60]	(50 <Get_SerialNum+0x50>)
D:\WkPjt.Src\MStory3.0\Unit_0\BaseProgram\src/hw_config.c:400
     CustomHID_StringSerial[4] = (uint8_t)((Device_Serial0 & 0x0000FF00) >> 8);
  12:	f3c1 2307 	ubfx	r3, r1, #8, #8
  16:	7113      	strb	r3, [r2, #4]
D:\WkPjt.Src\MStory3.0\Unit_0\BaseProgram\src/hw_config.c:401
     CustomHID_StringSerial[6] = (uint8_t)((Device_Serial0 & 0x00FF0000) >> 16);
  18:	f3c1 4307 	ubfx	r3, r1, #16, #8
  1c:	7193      	strb	r3, [r2, #6]
D:\WkPjt.Src\MStory3.0\Unit_0\BaseProgram\src/hw_config.c:402
     CustomHID_StringSerial[8] = (uint8_t)((Device_Serial0 & 0xFF000000) >> 24);  
  1e:	0e0b      	lsrs	r3, r1, #24
  20:	7213      	strb	r3, [r2, #8]
D:\WkPjt.Src\MStory3.0\Unit_0\BaseProgram\src/hw_config.c:405

     CustomHID_StringSerial[10] = (uint8_t)(Device_Serial1 & 0x000000FF);  
     CustomHID_StringSerial[12] = (uint8_t)((Device_Serial1 & 0x0000FF00) >> 8);
  22:	f3c0 2307 	ubfx	r3, r0, #8, #8
  26:	7313      	strb	r3, [r2, #12]
D:\WkPjt.Src\MStory3.0\Unit_0\BaseProgram\src/hw_config.c:406
     CustomHID_StringSerial[14] = (uint8_t)((Device_Serial1 & 0x00FF0000) >> 16);
  28:	f3c0 4307 	ubfx	r3, r0, #16, #8
  2c:	7393      	strb	r3, [r2, #14]
D:\WkPjt.Src\MStory3.0\Unit_0\BaseProgram\src/hw_config.c:407
     CustomHID_StringSerial[16] = (uint8_t)((Device_Serial1 & 0xFF000000) >> 24); 
  2e:	0e03      	lsrs	r3, r0, #24
  30:	7413      	strb	r3, [r2, #16]
D:\WkPjt.Src\MStory3.0\Unit_0\BaseProgram\src/hw_config.c:410

     CustomHID_StringSerial[18] = (uint8_t)(Device_Serial2 & 0x000000FF);  
     CustomHID_StringSerial[20] = (uint8_t)((Device_Serial2 & 0x0000FF00) >> 8);
  32:	f3c4 2307 	ubfx	r3, r4, #8, #8
  36:	7513      	strb	r3, [r2, #20]
D:\WkPjt.Src\MStory3.0\Unit_0\BaseProgram\src/hw_config.c:411
     CustomHID_StringSerial[22] = (uint8_t)((Device_Serial2 & 0x00FF0000) >> 16);
  38:	f3c4 4307 	ubfx	r3, r4, #16, #8
  3c:	7593      	strb	r3, [r2, #22]
D:\WkPjt.Src\MStory3.0\Unit_0\BaseProgram\src/hw_config.c:412
     CustomHID_StringSerial[24] = (uint8_t)((Device_Serial2 & 0xFF000000) >> 24); 
  3e:	0e23      	lsrs	r3, r4, #24
D:\WkPjt.Src\MStory3.0\Unit_0\BaseProgram\src/hw_config.c:399
  Device_Serial1 = *(uint32_t*)(0x1FFFF7EC);
  Device_Serial2 = *(uint32_t*)(0x1FFFF7F0);
  
  if(Device_Serial0 != 0)
  {
     CustomHID_StringSerial[2] = (uint8_t)(Device_Serial0 & 0x000000FF);  
  40:	7091      	strb	r1, [r2, #2]
D:\WkPjt.Src\MStory3.0\Unit_0\BaseProgram\src/hw_config.c:404
     CustomHID_StringSerial[4] = (uint8_t)((Device_Serial0 & 0x0000FF00) >> 8);
     CustomHID_StringSerial[6] = (uint8_t)((Device_Serial0 & 0x00FF0000) >> 16);
     CustomHID_StringSerial[8] = (uint8_t)((Device_Serial0 & 0xFF000000) >> 24);  

     CustomHID_StringSerial[10] = (uint8_t)(Device_Serial1 & 0x000000FF);  
  42:	7290      	strb	r0, [r2, #10]
D:\WkPjt.Src\MStory3.0\Unit_0\BaseProgram\src/hw_config.c:409
     CustomHID_StringSerial[12] = (uint8_t)((Device_Serial1 & 0x0000FF00) >> 8);
     CustomHID_StringSerial[14] = (uint8_t)((Device_Serial1 & 0x00FF0000) >> 16);
     CustomHID_StringSerial[16] = (uint8_t)((Device_Serial1 & 0xFF000000) >> 24); 

     CustomHID_StringSerial[18] = (uint8_t)(Device_Serial2 & 0x000000FF);  
  44:	7494      	strb	r4, [r2, #18]
D:\WkPjt.Src\MStory3.0\Unit_0\BaseProgram\src/hw_config.c:412
     CustomHID_StringSerial[20] = (uint8_t)((Device_Serial2 & 0x0000FF00) >> 8);
     CustomHID_StringSerial[22] = (uint8_t)((Device_Serial2 & 0x00FF0000) >> 16);
     CustomHID_StringSerial[24] = (uint8_t)((Device_Serial2 & 0xFF000000) >> 24); 
  46:	7613      	strb	r3, [r2, #24]
D:\WkPjt.Src\MStory3.0\Unit_0\BaseProgram\src/hw_config.c:414
  }   
}
  48:	bd10      	pop	{r4, pc}
  4a:	46c0      	nop			(mov r8, r8)
  4c:	1ffff7e8 	.word	0x1ffff7e8
  50:	00000000 	.word	0x00000000
Disassembly of section .text.Delay:

00000000 <Delay>:
Delay():
D:\WkPjt.Src\MStory3.0\Unit_0\BaseProgram\src/hw_config.c:422
  * @brief  Inserts a delay time.
  * @param  nTime: specifies the delay time length, in milliseconds.
  * @retval None
  */
void Delay(__IO uint32_t nTime)
{ 
   0:	b082      	sub	sp, #8
   2:	9001      	str	r0, [sp, #4]
D:\WkPjt.Src\MStory3.0\Unit_0\BaseProgram\src/hw_config.c:423
  TimingDelay = nTime;
   4:	9a01      	ldr	r2, [sp, #4]
   6:	4b04      	ldr	r3, [pc, #16]	(18 <Delay+0x18>)
   8:	601a      	str	r2, [r3, #0]
D:\WkPjt.Src\MStory3.0\Unit_0\BaseProgram\src/hw_config.c:425

  while(TimingDelay != 0);
   a:	4b03      	ldr	r3, [pc, #12]	(18 <Delay+0x18>)
   c:	681b      	ldr	r3, [r3, #0]
   e:	2b00      	cmp	r3, #0
  10:	d1fb      	bne.n	a <Delay+0xa>
D:\WkPjt.Src\MStory3.0\Unit_0\BaseProgram\src/hw_config.c:426
}
  12:	b002      	add	sp, #8
  14:	4770      	bx	lr
  16:	46c0      	nop			(mov r8, r8)
  18:	00000000 	.word	0x00000000
Disassembly of section .text.delay_100_milli_second:

00000000 <delay_100_milli_second>:
delay_100_milli_second():
D:\WkPjt.Src\MStory3.0\Unit_0\BaseProgram\src/hw_config.c:36
{
    Delay(1000);
}

void delay_100_milli_second(void)
{
   0:	b510      	push	{r4, lr}
D:\WkPjt.Src\MStory3.0\Unit_0\BaseProgram\src/hw_config.c:37
    Delay(100);
   2:	2064      	movs	r0, #100
   4:	f7ff fffe 	bl	0 <delay_100_milli_second>
D:\WkPjt.Src\MStory3.0\Unit_0\BaseProgram\src/hw_config.c:38
}
   8:	bd10      	pop	{r4, pc}
   a:	46c0      	nop			(mov r8, r8)
Disassembly of section .text.delay_1_second:

00000000 <delay_1_second>:
delay_1_second():
D:\WkPjt.Src\MStory3.0\Unit_0\BaseProgram\src/hw_config.c:31
static volatile uint32_t TimingDelay;

/* functions */

void delay_1_second(void)
{
   0:	b510      	push	{r4, lr}
D:\WkPjt.Src\MStory3.0\Unit_0\BaseProgram\src/hw_config.c:32
    Delay(1000);
   2:	f44f 707a 	mov.w	r0, #1000	; 0x3e8
   6:	f7ff fffe 	bl	0 <delay_1_second>
D:\WkPjt.Src\MStory3.0\Unit_0\BaseProgram\src/hw_config.c:33
}
   a:	bd10      	pop	{r4, pc}
Disassembly of section .text.TimingDelay_Decrement:

00000000 <TimingDelay_Decrement>:
TimingDelay_Decrement():
D:\WkPjt.Src\MStory3.0\Unit_0\BaseProgram\src/hw_config.c:435
  * @param  None
  * @retval None
  */
void TimingDelay_Decrement(void)
{
  if (TimingDelay != 0x00)
   0:	4a03      	ldr	r2, [pc, #12]	(10 <TimingDelay_Decrement+0x10>)
   2:	6813      	ldr	r3, [r2, #0]
   4:	b113      	cbz	r3, c <TimingDelay_Decrement+0xc>
D:\WkPjt.Src\MStory3.0\Unit_0\BaseProgram\src/hw_config.c:437
  { 
    TimingDelay--;
   6:	6813      	ldr	r3, [r2, #0]
   8:	3b01      	subs	r3, #1
   a:	6013      	str	r3, [r2, #0]
D:\WkPjt.Src\MStory3.0\Unit_0\BaseProgram\src/hw_config.c:439
  }
}
   c:	4770      	bx	lr
   e:	46c0      	nop			(mov r8, r8)
  10:	00000000 	.word	0x00000000
Disassembly of section .text.USART_GetCharacter:

00000000 <USART_GetCharacter>:
USART_GetCharacter():
D:\WkPjt.Src\MStory3.0\Unit_0\BaseProgram\src/hw_config.c:525

    return ch;
}

uint8_t USART_GetCharacter(USART_TypeDef *  usart_p)
{
   0:	b570      	push	{r4, r5, r6, lr}
   2:	4605      	mov	r5, r0
D:\WkPjt.Src\MStory3.0\Unit_0\BaseProgram\src/hw_config.c:529
    uint8_t data;

    /* Loop until the end of transmission */
    while(USART_GetFlagStatus(usart_p, USART_FLAG_RXNE) == RESET);
   4:	4628      	mov	r0, r5
   6:	2120      	movs	r1, #32
   8:	f7ff fffe 	bl	0 <USART_GetFlagStatus>
   c:	2800      	cmp	r0, #0
   e:	d0f9      	beq.n	4 <USART_GetCharacter+0x4>
D:\WkPjt.Src\MStory3.0\Unit_0\BaseProgram\src/hw_config.c:532

    /* Write a character to the USART */
    data = USART_ReceiveData(usart_p);
  10:	4628      	mov	r0, r5
  12:	f7ff fffe 	bl	0 <USART_ReceiveData>
  16:	b2c4      	uxtb	r4, r0
D:\WkPjt.Src\MStory3.0\Unit_0\BaseProgram\src/hw_config.c:534

    USART_SendData(usart_p, data);
  18:	4621      	mov	r1, r4
  1a:	4628      	mov	r0, r5
  1c:	f7ff fffe 	bl	0 <USART_SendData>
D:\WkPjt.Src\MStory3.0\Unit_0\BaseProgram\src/hw_config.c:535
    while(USART_GetFlagStatus(usart_p, USART_FLAG_TXE) == RESET);
  20:	4628      	mov	r0, r5
  22:	2180      	movs	r1, #128
  24:	f7ff fffe 	bl	0 <USART_GetFlagStatus>
  28:	2800      	cmp	r0, #0
  2a:	d0f9      	beq.n	20 <USART_GetFlagStatus+0x20>
D:\WkPjt.Src\MStory3.0\Unit_0\BaseProgram\src/hw_config.c:539

    if( data == '\r' )  return (int)('\n');
    else                return(data);
}
  2c:	2c0d      	cmp	r4, #13
  2e:	bf14      	ite	ne
  30:	4620      	movne	r0, r4
  32:	200a      	moveq	r0, #10
  34:	bd70      	pop	{r4, r5, r6, pc}
  36:	46c0      	nop			(mov r8, r8)
Disassembly of section .text.__io_putchar:

00000000 <__io_putchar>:
__io_putchar():
D:\WkPjt.Src\MStory3.0\Unit_0\BaseProgram\src/hw_config.c:510
 * Return : None
 */
PUTCHAR_PROTOTYPE
{
    /* Write a character to the USART */  
    if( ch == '\n') {
   0:	280a      	cmp	r0, #10
D:\WkPjt.Src\MStory3.0\Unit_0\BaseProgram\src/hw_config.c:508
 * Input  : None
 * Output : None
 * Return : None
 */
PUTCHAR_PROTOTYPE
{
   2:	b510      	push	{r4, lr}
   4:	4604      	mov	r4, r0
D:\WkPjt.Src\MStory3.0\Unit_0\BaseProgram\src/hw_config.c:510
    /* Write a character to the USART */  
    if( ch == '\n') {
   6:	d10c      	bne.n	22 <__io_putchar+0x22>
D:\WkPjt.Src\MStory3.0\Unit_0\BaseProgram\src/hw_config.c:511
        USART_SendData(USART1, '\r');
   8:	480c      	ldr	r0, [pc, #48]	(3c <__io_putchar+0x3c>)
   a:	210d      	movs	r1, #13
   c:	f7ff fffe 	bl	0 <USART_SendData>
D:\WkPjt.Src\MStory3.0\Unit_0\BaseProgram\src/hw_config.c:512
        while(USART_GetFlagStatus(USART1, USART_FLAG_TXE) == RESET);
  10:	480a      	ldr	r0, [pc, #40]	(3c <__io_putchar+0x3c>)
  12:	2180      	movs	r1, #128
  14:	f7ff fffe 	bl	0 <USART_GetFlagStatus>
  18:	2800      	cmp	r0, #0
  1a:	d0f9      	beq.n	10 <__io_putchar+0x10>
D:\WkPjt.Src\MStory3.0\Unit_0\BaseProgram\src/hw_config.c:513
        USART_SendData(USART1, '\n');
  1c:	4807      	ldr	r0, [pc, #28]	(3c <__io_putchar+0x3c>)
  1e:	210a      	movs	r1, #10
  20:	e001      	b.n	26 <__io_putchar+0x26>
D:\WkPjt.Src\MStory3.0\Unit_0\BaseProgram\src/hw_config.c:515
    }else {
        USART_SendData(USART1, (u8) ch);
  22:	4806      	ldr	r0, [pc, #24]	(3c <__io_putchar+0x3c>)
  24:	b2e1      	uxtb	r1, r4
  26:	f7ff fffe 	bl	0 <USART_SendData>
D:\WkPjt.Src\MStory3.0\Unit_0\BaseProgram\src/hw_config.c:519
    }

    /* Loop until the end of transmission */
    while(USART_GetFlagStatus(USART1, USART_FLAG_TXE) == RESET);
  2a:	4804      	ldr	r0, [pc, #16]	(3c <__io_putchar+0x3c>)
  2c:	2180      	movs	r1, #128
  2e:	f7ff fffe 	bl	0 <USART_GetFlagStatus>
  32:	2800      	cmp	r0, #0
  34:	d0f9      	beq.n	2a <USART_GetFlagStatus+0x2a>
D:\WkPjt.Src\MStory3.0\Unit_0\BaseProgram\src/hw_config.c:522

    return ch;
}
  36:	4620      	mov	r0, r4
  38:	bd10      	pop	{r4, pc}
  3a:	46c0      	nop			(mov r8, r8)
  3c:	40013800 	.word	0x40013800
Disassembly of section .text.GPIO_Configuration:

00000000 <GPIO_Configuration>:
GPIO_Configuration():
D:\WkPjt.Src\MStory3.0\Unit_0\BaseProgram\src/hw_config.c:285
 * Input  : None
 * Output : None
 * Return : None
 */
void GPIO_Configuration(void)
{
   0:	e92d 4177 	stmdb	sp!, {r0, r1, r2, r4, r5, r6, r8, lr}
D:\WkPjt.Src\MStory3.0\Unit_0\BaseProgram\src/hw_config.c:294

    /* Configure USARTx_Tx as alternate function push-pull */
    GPIO_InitStructure.GPIO_Pin   = GPIO_USART_Tx_Pin;
    GPIO_InitStructure.GPIO_Speed = GPIO_Speed_50MHz;
    GPIO_InitStructure.GPIO_Mode  = GPIO_Mode_AF_PP;
    GPIO_Init(GPIO_USART, &GPIO_InitStructure);
   4:	4e2a      	ldr	r6, [pc, #168]	(b0 <GPIO_Configuration+0xb0>)
   6:	ac01      	add	r4, sp, #4
D:\WkPjt.Src\MStory3.0\Unit_0\BaseProgram\src/hw_config.c:291
    GPIO_InitTypeDef GPIO_InitStructure;

    // UART configuration ...

    /* Configure USARTx_Tx as alternate function push-pull */
    GPIO_InitStructure.GPIO_Pin   = GPIO_USART_Tx_Pin;
   8:	f44f 7300 	mov.w	r3, #512	; 0x200
D:\WkPjt.Src\MStory3.0\Unit_0\BaseProgram\src/hw_config.c:292
    GPIO_InitStructure.GPIO_Speed = GPIO_Speed_50MHz;
   c:	f04f 0803 	mov.w	r8, #3	; 0x3
D:\WkPjt.Src\MStory3.0\Unit_0\BaseProgram\src/hw_config.c:291
    GPIO_InitTypeDef GPIO_InitStructure;

    // UART configuration ...

    /* Configure USARTx_Tx as alternate function push-pull */
    GPIO_InitStructure.GPIO_Pin   = GPIO_USART_Tx_Pin;
  10:	f8ad 3004 	strh.w	r3, [sp, #4]
D:\WkPjt.Src\MStory3.0\Unit_0\BaseProgram\src/hw_config.c:294
    GPIO_InitStructure.GPIO_Speed = GPIO_Speed_50MHz;
    GPIO_InitStructure.GPIO_Mode  = GPIO_Mode_AF_PP;
    GPIO_Init(GPIO_USART, &GPIO_InitStructure);
  14:	4630      	mov	r0, r6
D:\WkPjt.Src\MStory3.0\Unit_0\BaseProgram\src/hw_config.c:293
    // UART configuration ...

    /* Configure USARTx_Tx as alternate function push-pull */
    GPIO_InitStructure.GPIO_Pin   = GPIO_USART_Tx_Pin;
    GPIO_InitStructure.GPIO_Speed = GPIO_Speed_50MHz;
    GPIO_InitStructure.GPIO_Mode  = GPIO_Mode_AF_PP;
  16:	2318      	movs	r3, #24
D:\WkPjt.Src\MStory3.0\Unit_0\BaseProgram\src/hw_config.c:294
    GPIO_Init(GPIO_USART, &GPIO_InitStructure);
  18:	4621      	mov	r1, r4
D:\WkPjt.Src\MStory3.0\Unit_0\BaseProgram\src/hw_config.c:298

    /* Configure USARTx_Rx as input floating */
    GPIO_InitStructure.GPIO_Pin  = GPIO_USART_Rx_Pin;
    GPIO_InitStructure.GPIO_Mode = GPIO_Mode_IN_FLOATING;
  1a:	2504      	movs	r5, #4
D:\WkPjt.Src\MStory3.0\Unit_0\BaseProgram\src/hw_config.c:293
    // UART configuration ...

    /* Configure USARTx_Tx as alternate function push-pull */
    GPIO_InitStructure.GPIO_Pin   = GPIO_USART_Tx_Pin;
    GPIO_InitStructure.GPIO_Speed = GPIO_Speed_50MHz;
    GPIO_InitStructure.GPIO_Mode  = GPIO_Mode_AF_PP;
  1c:	f88d 3007 	strb.w	r3, [sp, #7]
D:\WkPjt.Src\MStory3.0\Unit_0\BaseProgram\src/hw_config.c:292

    // UART configuration ...

    /* Configure USARTx_Tx as alternate function push-pull */
    GPIO_InitStructure.GPIO_Pin   = GPIO_USART_Tx_Pin;
    GPIO_InitStructure.GPIO_Speed = GPIO_Speed_50MHz;
  20:	f88d 8006 	strb.w	r8, [sp, #6]
D:\WkPjt.Src\MStory3.0\Unit_0\BaseProgram\src/hw_config.c:294
    GPIO_InitStructure.GPIO_Mode  = GPIO_Mode_AF_PP;
    GPIO_Init(GPIO_USART, &GPIO_InitStructure);
  24:	f7ff fffe 	bl	0 <GPIO_Init>
D:\WkPjt.Src\MStory3.0\Unit_0\BaseProgram\src/hw_config.c:297

    /* Configure USARTx_Rx as input floating */
    GPIO_InitStructure.GPIO_Pin  = GPIO_USART_Rx_Pin;
  28:	f44f 6380 	mov.w	r3, #1024	; 0x400
D:\WkPjt.Src\MStory3.0\Unit_0\BaseProgram\src/hw_config.c:299
    GPIO_InitStructure.GPIO_Mode = GPIO_Mode_IN_FLOATING;
    GPIO_Init(GPIO_USART, &GPIO_InitStructure);
  2c:	4630      	mov	r0, r6
  2e:	4621      	mov	r1, r4
D:\WkPjt.Src\MStory3.0\Unit_0\BaseProgram\src/hw_config.c:297
    GPIO_InitStructure.GPIO_Speed = GPIO_Speed_50MHz;
    GPIO_InitStructure.GPIO_Mode  = GPIO_Mode_AF_PP;
    GPIO_Init(GPIO_USART, &GPIO_InitStructure);

    /* Configure USARTx_Rx as input floating */
    GPIO_InitStructure.GPIO_Pin  = GPIO_USART_Rx_Pin;
  30:	f8ad 3004 	strh.w	r3, [sp, #4]
D:\WkPjt.Src\MStory3.0\Unit_0\BaseProgram\src/hw_config.c:298
    GPIO_InitStructure.GPIO_Mode = GPIO_Mode_IN_FLOATING;
  34:	f88d 5007 	strb.w	r5, [sp, #7]
D:\WkPjt.Src\MStory3.0\Unit_0\BaseProgram\src/hw_config.c:299
    GPIO_Init(GPIO_USART, &GPIO_InitStructure);
  38:	f7ff fffe 	bl	0 <GPIO_Init>
D:\WkPjt.Src\MStory3.0\Unit_0\BaseProgram\src/hw_config.c:306
    // Key configuration ...

    /* Configure gpio as input : Button WKUP & USER */
    GPIO_InitStructure.GPIO_Pin  = GPIO_KEY1_PIN | GPIO_KEY2_PIN;
    GPIO_InitStructure.GPIO_Mode = GPIO_Mode_IN_FLOATING;
    GPIO_Init(GPIO_KEY, &GPIO_InitStructure);
  3c:	4630      	mov	r0, r6
  3e:	4621      	mov	r1, r4
D:\WkPjt.Src\MStory3.0\Unit_0\BaseProgram\src/hw_config.c:304
    GPIO_Init(GPIO_USART, &GPIO_InitStructure);

    // Key configuration ...

    /* Configure gpio as input : Button WKUP & USER */
    GPIO_InitStructure.GPIO_Pin  = GPIO_KEY1_PIN | GPIO_KEY2_PIN;
  40:	f8ad 8004 	strh.w	r8, [sp, #4]
D:\WkPjt.Src\MStory3.0\Unit_0\BaseProgram\src/hw_config.c:305
    GPIO_InitStructure.GPIO_Mode = GPIO_Mode_IN_FLOATING;
  44:	f88d 5007 	strb.w	r5, [sp, #7]
D:\WkPjt.Src\MStory3.0\Unit_0\BaseProgram\src/hw_config.c:306
    GPIO_Init(GPIO_KEY, &GPIO_InitStructure);
  48:	f7ff fffe 	bl	0 <GPIO_Init>
D:\WkPjt.Src\MStory3.0\Unit_0\BaseProgram\src/hw_config.c:311

    // LED configuration ...

    /* Configure gpio as output : LED1, LED2, LED3 */
    GPIO_InitStructure.GPIO_Pin   = GPIO_LED1_PIN | GPIO_LED2_PIN | GPIO_LED3_PIN ;
  4c:	f44f 7348 	mov.w	r3, #800	; 0x320
  50:	f8ad 3004 	strh.w	r3, [sp, #4]
D:\WkPjt.Src\MStory3.0\Unit_0\BaseProgram\src/hw_config.c:314
    GPIO_InitStructure.GPIO_Speed = GPIO_Speed_50MHz;
    GPIO_InitStructure.GPIO_Mode  = GPIO_Mode_Out_PP;
    GPIO_Init(GPIO_LED, &GPIO_InitStructure);
  54:	4621      	mov	r1, r4
D:\WkPjt.Src\MStory3.0\Unit_0\BaseProgram\src/hw_config.c:313
    // LED configuration ...

    /* Configure gpio as output : LED1, LED2, LED3 */
    GPIO_InitStructure.GPIO_Pin   = GPIO_LED1_PIN | GPIO_LED2_PIN | GPIO_LED3_PIN ;
    GPIO_InitStructure.GPIO_Speed = GPIO_Speed_50MHz;
    GPIO_InitStructure.GPIO_Mode  = GPIO_Mode_Out_PP;
  56:	2310      	movs	r3, #16
D:\WkPjt.Src\MStory3.0\Unit_0\BaseProgram\src/hw_config.c:314
    GPIO_Init(GPIO_LED, &GPIO_InitStructure);
  58:	4816      	ldr	r0, [pc, #88]	(b4 <GPIO_Configuration+0xb4>)
D:\WkPjt.Src\MStory3.0\Unit_0\BaseProgram\src/hw_config.c:313
    // LED configuration ...

    /* Configure gpio as output : LED1, LED2, LED3 */
    GPIO_InitStructure.GPIO_Pin   = GPIO_LED1_PIN | GPIO_LED2_PIN | GPIO_LED3_PIN ;
    GPIO_InitStructure.GPIO_Speed = GPIO_Speed_50MHz;
    GPIO_InitStructure.GPIO_Mode  = GPIO_Mode_Out_PP;
  5a:	f88d 3007 	strb.w	r3, [sp, #7]
D:\WkPjt.Src\MStory3.0\Unit_0\BaseProgram\src/hw_config.c:312

    // LED configuration ...

    /* Configure gpio as output : LED1, LED2, LED3 */
    GPIO_InitStructure.GPIO_Pin   = GPIO_LED1_PIN | GPIO_LED2_PIN | GPIO_LED3_PIN ;
    GPIO_InitStructure.GPIO_Speed = GPIO_Speed_50MHz;
  5e:	f88d 8006 	strb.w	r8, [sp, #6]
D:\WkPjt.Src\MStory3.0\Unit_0\BaseProgram\src/hw_config.c:314
    GPIO_InitStructure.GPIO_Mode  = GPIO_Mode_Out_PP;
    GPIO_Init(GPIO_LED, &GPIO_InitStructure);
  62:	f7ff fffe 	bl	0 <GPIO_Init>
D:\WkPjt.Src\MStory3.0\Unit_0\BaseProgram\src/hw_config.c:319

    // USB_DISCONNECT configuration ...

    /* USB_DISCONNECT used as USB pull-up */
    GPIO_InitStructure.GPIO_Pin   = GPIO_USB_DISCONNECT_PIN;
  66:	f44f 7380 	mov.w	r3, #256	; 0x100
  6a:	f8ad 3004 	strh.w	r3, [sp, #4]
D:\WkPjt.Src\MStory3.0\Unit_0\BaseProgram\src/hw_config.c:322
    GPIO_InitStructure.GPIO_Speed = GPIO_Speed_50MHz;
    GPIO_InitStructure.GPIO_Mode  = GPIO_Mode_Out_OD;
    GPIO_Init(GPIO_USB_DISCONNECT, &GPIO_InitStructure);
  6e:	4630      	mov	r0, r6
D:\WkPjt.Src\MStory3.0\Unit_0\BaseProgram\src/hw_config.c:321
    // USB_DISCONNECT configuration ...

    /* USB_DISCONNECT used as USB pull-up */
    GPIO_InitStructure.GPIO_Pin   = GPIO_USB_DISCONNECT_PIN;
    GPIO_InitStructure.GPIO_Speed = GPIO_Speed_50MHz;
    GPIO_InitStructure.GPIO_Mode  = GPIO_Mode_Out_OD;
  70:	2314      	movs	r3, #20
D:\WkPjt.Src\MStory3.0\Unit_0\BaseProgram\src/hw_config.c:322
    GPIO_Init(GPIO_USB_DISCONNECT, &GPIO_InitStructure);
  72:	4621      	mov	r1, r4
D:\WkPjt.Src\MStory3.0\Unit_0\BaseProgram\src/hw_config.c:321
    // USB_DISCONNECT configuration ...

    /* USB_DISCONNECT used as USB pull-up */
    GPIO_InitStructure.GPIO_Pin   = GPIO_USB_DISCONNECT_PIN;
    GPIO_InitStructure.GPIO_Speed = GPIO_Speed_50MHz;
    GPIO_InitStructure.GPIO_Mode  = GPIO_Mode_Out_OD;
  74:	f88d 3007 	strb.w	r3, [sp, #7]
D:\WkPjt.Src\MStory3.0\Unit_0\BaseProgram\src/hw_config.c:320

    // USB_DISCONNECT configuration ...

    /* USB_DISCONNECT used as USB pull-up */
    GPIO_InitStructure.GPIO_Pin   = GPIO_USB_DISCONNECT_PIN;
    GPIO_InitStructure.GPIO_Speed = GPIO_Speed_50MHz;
  78:	f88d 8006 	strb.w	r8, [sp, #6]
D:\WkPjt.Src\MStory3.0\Unit_0\BaseProgram\src/hw_config.c:322
    GPIO_InitStructure.GPIO_Mode  = GPIO_Mode_Out_OD;
    GPIO_Init(GPIO_USB_DISCONNECT, &GPIO_InitStructure);
  7c:	f7ff fffe 	bl	0 <GPIO_Init>
D:\WkPjt.Src\MStory3.0\Unit_0\BaseProgram\src/hw_config.c:327

#ifdef  BOARD_DEF_MANGO_Z1
    // CC2520 RF GPIO configuration ...

    GPIO_InitStructure.GPIO_Pin
  80:	f44f 53f8 	mov.w	r3, #7936	; 0x1f00
D:\WkPjt.Src\MStory3.0\Unit_0\BaseProgram\src/hw_config.c:332
        = GPIO_RF_GPIO0_PIN | GPIO_RF_GPIO1_PIN
        | GPIO_RF_GPIO2_PIN | GPIO_RF_GPIO3_PIN | GPIO_RF_GPIO4_PIN;
    GPIO_InitStructure.GPIO_Speed = GPIO_Speed_50MHz;
    GPIO_InitStructure.GPIO_Mode  = GPIO_Mode_IN_FLOATING;
    GPIO_Init(GPIO_RF_GPIO0_4, &GPIO_InitStructure);
  84:	4621      	mov	r1, r4
  86:	480c      	ldr	r0, [pc, #48]	(b8 <GPIO_Configuration+0xb8>)
D:\WkPjt.Src\MStory3.0\Unit_0\BaseProgram\src/hw_config.c:327
    GPIO_Init(GPIO_USB_DISCONNECT, &GPIO_InitStructure);

#ifdef  BOARD_DEF_MANGO_Z1
    // CC2520 RF GPIO configuration ...

    GPIO_InitStructure.GPIO_Pin
  88:	f8ad 3004 	strh.w	r3, [sp, #4]
D:\WkPjt.Src\MStory3.0\Unit_0\BaseProgram\src/hw_config.c:330
        = GPIO_RF_GPIO0_PIN | GPIO_RF_GPIO1_PIN
        | GPIO_RF_GPIO2_PIN | GPIO_RF_GPIO3_PIN | GPIO_RF_GPIO4_PIN;
    GPIO_InitStructure.GPIO_Speed = GPIO_Speed_50MHz;
  8c:	f88d 8006 	strb.w	r8, [sp, #6]
D:\WkPjt.Src\MStory3.0\Unit_0\BaseProgram\src/hw_config.c:331
    GPIO_InitStructure.GPIO_Mode  = GPIO_Mode_IN_FLOATING;
  90:	f88d 5007 	strb.w	r5, [sp, #7]
D:\WkPjt.Src\MStory3.0\Unit_0\BaseProgram\src/hw_config.c:332
    GPIO_Init(GPIO_RF_GPIO0_4, &GPIO_InitStructure);
  94:	f7ff fffe 	bl	0 <GPIO_Init>
D:\WkPjt.Src\MStory3.0\Unit_0\BaseProgram\src/hw_config.c:337

    GPIO_InitStructure.GPIO_Pin   = GPIO_RF_GPIO5_PIN;
    GPIO_InitStructure.GPIO_Speed = GPIO_Speed_50MHz;
    GPIO_InitStructure.GPIO_Mode  = GPIO_Mode_IN_FLOATING;
    GPIO_Init(GPIO_RF_GPIO5, &GPIO_InitStructure);
  98:	4808      	ldr	r0, [pc, #32]	(bc <GPIO_Configuration+0xbc>)
  9a:	4621      	mov	r1, r4
D:\WkPjt.Src\MStory3.0\Unit_0\BaseProgram\src/hw_config.c:334
        | GPIO_RF_GPIO2_PIN | GPIO_RF_GPIO3_PIN | GPIO_RF_GPIO4_PIN;
    GPIO_InitStructure.GPIO_Speed = GPIO_Speed_50MHz;
    GPIO_InitStructure.GPIO_Mode  = GPIO_Mode_IN_FLOATING;
    GPIO_Init(GPIO_RF_GPIO0_4, &GPIO_InitStructure);

    GPIO_InitStructure.GPIO_Pin   = GPIO_RF_GPIO5_PIN;
  9c:	f8ad 5004 	strh.w	r5, [sp, #4]
D:\WkPjt.Src\MStory3.0\Unit_0\BaseProgram\src/hw_config.c:335
    GPIO_InitStructure.GPIO_Speed = GPIO_Speed_50MHz;
  a0:	f88d 8006 	strb.w	r8, [sp, #6]
D:\WkPjt.Src\MStory3.0\Unit_0\BaseProgram\src/hw_config.c:336
    GPIO_InitStructure.GPIO_Mode  = GPIO_Mode_IN_FLOATING;
  a4:	f88d 5007 	strb.w	r5, [sp, #7]
D:\WkPjt.Src\MStory3.0\Unit_0\BaseProgram\src/hw_config.c:337
    GPIO_Init(GPIO_RF_GPIO5, &GPIO_InitStructure);
  a8:	f7ff fffe 	bl	0 <GPIO_Init>
D:\WkPjt.Src\MStory3.0\Unit_0\BaseProgram\src/hw_config.c:339
#endif
}
  ac:	e8bd 817e 	ldmia.w	sp!, {r1, r2, r3, r4, r5, r6, r8, pc}
  b0:	40010800 	.word	0x40010800
  b4:	40010c00 	.word	0x40010c00
  b8:	40011000 	.word	0x40011000
  bc:	40011400 	.word	0x40011400
Disassembly of section .text.SPIx_Init:

00000000 <SPIx_Init>:
SPIx_Init():
D:\WkPjt.Src\MStory3.0\Unit_0\BaseProgram\src/hw_config.c:450
* Input          : None
* Output         : None
* Return         : None
*******************************************************************************/
void SPIx_Init(void)
{
   0:	e92d 4370 	stmdb	sp!, {r4, r5, r6, r8, r9, lr}
D:\WkPjt.Src\MStory3.0\Unit_0\BaseProgram\src/hw_config.c:451
    DEBUG_MSG_FUNC_START;
   4:	4832      	ldr	r0, [pc, #200]	(d0 <SPIx_Init+0xd0>)
D:\WkPjt.Src\MStory3.0\Unit_0\BaseProgram\src/hw_config.c:450
* Input          : None
* Output         : None
* Return         : None
*******************************************************************************/
void SPIx_Init(void)
{
   6:	b086      	sub	sp, #24
D:\WkPjt.Src\MStory3.0\Unit_0\BaseProgram\src/hw_config.c:451
    DEBUG_MSG_FUNC_START;
   8:	f7ff fffe 	bl	0 <DebugMsg_FunctionStart>
D:\WkPjt.Src\MStory3.0\Unit_0\BaseProgram\src/hw_config.c:465
    /* Configure SPI1 pins: SCK, MISO and MOSI ---------------------------------*/
    GPIO_InitStructure.GPIO_Pin
        = GPIO_RF_SPI_CLK_PIN | GPIO_RF_SPI_MISO_PIN | GPIO_RF_SPI_MOSI_PIN;
    GPIO_InitStructure.GPIO_Speed = GPIO_Speed_50MHz;
    GPIO_InitStructure.GPIO_Mode = GPIO_Mode_AF_PP;
    GPIO_Init(GPIO_RF_SPI, &GPIO_InitStructure);
   c:	f8df 80cc 	ldr.w	r8, [pc, #204]	; dc <SPIx_Init+0xdc>
D:\WkPjt.Src\MStory3.0\Unit_0\BaseProgram\src/hw_config.c:457

    GPIO_InitTypeDef GPIO_InitStructure;
    SPI_InitTypeDef  SPI_InitStructure;

    /* GPIOA, GPIOB and SPI1 clock enable */
    RCC_APB2PeriphClockCmd(RCC_APB2Periph_GPIOA | RCC_APB2Periph_SPI1, ENABLE);
  10:	2101      	movs	r1, #1
  12:	f241 0004 	movw	r0, #4100	; 0x1004
  16:	f7ff fffe 	bl	0 <RCC_APB2PeriphClockCmd>
D:\WkPjt.Src\MStory3.0\Unit_0\BaseProgram\src/hw_config.c:465
    /* Configure SPI1 pins: SCK, MISO and MOSI ---------------------------------*/
    GPIO_InitStructure.GPIO_Pin
        = GPIO_RF_SPI_CLK_PIN | GPIO_RF_SPI_MISO_PIN | GPIO_RF_SPI_MOSI_PIN;
    GPIO_InitStructure.GPIO_Speed = GPIO_Speed_50MHz;
    GPIO_InitStructure.GPIO_Mode = GPIO_Mode_AF_PP;
    GPIO_Init(GPIO_RF_SPI, &GPIO_InitStructure);
  1a:	ad05      	add	r5, sp, #20
D:\WkPjt.Src\MStory3.0\Unit_0\BaseProgram\src/hw_config.c:458
    GPIO_InitTypeDef GPIO_InitStructure;
    SPI_InitTypeDef  SPI_InitStructure;

    /* GPIOA, GPIOB and SPI1 clock enable */
    RCC_APB2PeriphClockCmd(RCC_APB2Periph_GPIOA | RCC_APB2Periph_SPI1, ENABLE);
    RCC_APB2PeriphClockCmd(RCC_APB2Periph_GPIOC, ENABLE);
  1c:	2010      	movs	r0, #16
  1e:	2101      	movs	r1, #1
  20:	f7ff fffe 	bl	0 <RCC_APB2PeriphClockCmd>
D:\WkPjt.Src\MStory3.0\Unit_0\BaseProgram\src/hw_config.c:463

    /* Configure SPI1 pins: SCK, MISO and MOSI ---------------------------------*/
    GPIO_InitStructure.GPIO_Pin
        = GPIO_RF_SPI_CLK_PIN | GPIO_RF_SPI_MISO_PIN | GPIO_RF_SPI_MOSI_PIN;
    GPIO_InitStructure.GPIO_Speed = GPIO_Speed_50MHz;
  24:	2603      	movs	r6, #3
D:\WkPjt.Src\MStory3.0\Unit_0\BaseProgram\src/hw_config.c:461
    /* GPIOA, GPIOB and SPI1 clock enable */
    RCC_APB2PeriphClockCmd(RCC_APB2Periph_GPIOA | RCC_APB2Periph_SPI1, ENABLE);
    RCC_APB2PeriphClockCmd(RCC_APB2Periph_GPIOC, ENABLE);

    /* Configure SPI1 pins: SCK, MISO and MOSI ---------------------------------*/
    GPIO_InitStructure.GPIO_Pin
  26:	f04f 02e0 	mov.w	r2, #224	; 0xe0
D:\WkPjt.Src\MStory3.0\Unit_0\BaseProgram\src/hw_config.c:464
        = GPIO_RF_SPI_CLK_PIN | GPIO_RF_SPI_MISO_PIN | GPIO_RF_SPI_MOSI_PIN;
    GPIO_InitStructure.GPIO_Speed = GPIO_Speed_50MHz;
    GPIO_InitStructure.GPIO_Mode = GPIO_Mode_AF_PP;
  2a:	f04f 0918 	mov.w	r9, #24	; 0x18
D:\WkPjt.Src\MStory3.0\Unit_0\BaseProgram\src/hw_config.c:465
    GPIO_Init(GPIO_RF_SPI, &GPIO_InitStructure);
  2e:	4640      	mov	r0, r8
  30:	4629      	mov	r1, r5
D:\WkPjt.Src\MStory3.0\Unit_0\BaseProgram\src/hw_config.c:461
    /* GPIOA, GPIOB and SPI1 clock enable */
    RCC_APB2PeriphClockCmd(RCC_APB2Periph_GPIOA | RCC_APB2Periph_SPI1, ENABLE);
    RCC_APB2PeriphClockCmd(RCC_APB2Periph_GPIOC, ENABLE);

    /* Configure SPI1 pins: SCK, MISO and MOSI ---------------------------------*/
    GPIO_InitStructure.GPIO_Pin
  32:	f8ad 2014 	strh.w	r2, [sp, #20]
D:\WkPjt.Src\MStory3.0\Unit_0\BaseProgram\src/hw_config.c:468
    GPIO_InitStructure.GPIO_Speed = GPIO_Speed_50MHz;
    GPIO_InitStructure.GPIO_Mode = GPIO_Mode_AF_PP;
    GPIO_Init(GPIO_RF_SPI, &GPIO_InitStructure);

    /* Configure SPI1 pins: nCS ------------------------------------------------*/
    GPIO_InitStructure.GPIO_Pin = GPIO_RF_SPI_NCS_PIN;
  36:	2410      	movs	r4, #16
D:\WkPjt.Src\MStory3.0\Unit_0\BaseProgram\src/hw_config.c:463
    RCC_APB2PeriphClockCmd(RCC_APB2Periph_GPIOC, ENABLE);

    /* Configure SPI1 pins: SCK, MISO and MOSI ---------------------------------*/
    GPIO_InitStructure.GPIO_Pin
        = GPIO_RF_SPI_CLK_PIN | GPIO_RF_SPI_MISO_PIN | GPIO_RF_SPI_MOSI_PIN;
    GPIO_InitStructure.GPIO_Speed = GPIO_Speed_50MHz;
  38:	f88d 6016 	strb.w	r6, [sp, #22]
D:\WkPjt.Src\MStory3.0\Unit_0\BaseProgram\src/hw_config.c:464
    GPIO_InitStructure.GPIO_Mode = GPIO_Mode_AF_PP;
  3c:	f88d 9017 	strb.w	r9, [sp, #23]
D:\WkPjt.Src\MStory3.0\Unit_0\BaseProgram\src/hw_config.c:465
    GPIO_Init(GPIO_RF_SPI, &GPIO_InitStructure);
  40:	f7ff fffe 	bl	0 <GPIO_Init>
D:\WkPjt.Src\MStory3.0\Unit_0\BaseProgram\src/hw_config.c:471

    /* Configure SPI1 pins: nCS ------------------------------------------------*/
    GPIO_InitStructure.GPIO_Pin = GPIO_RF_SPI_NCS_PIN;
    GPIO_InitStructure.GPIO_Speed = GPIO_Speed_50MHz;
    GPIO_InitStructure.GPIO_Mode = GPIO_Mode_Out_PP;
    GPIO_Init(GPIO_RF_SPI, &GPIO_InitStructure);
  44:	4640      	mov	r0, r8
  46:	4629      	mov	r1, r5
D:\WkPjt.Src\MStory3.0\Unit_0\BaseProgram\src/hw_config.c:468
    GPIO_InitStructure.GPIO_Speed = GPIO_Speed_50MHz;
    GPIO_InitStructure.GPIO_Mode = GPIO_Mode_AF_PP;
    GPIO_Init(GPIO_RF_SPI, &GPIO_InitStructure);

    /* Configure SPI1 pins: nCS ------------------------------------------------*/
    GPIO_InitStructure.GPIO_Pin = GPIO_RF_SPI_NCS_PIN;
  48:	f8ad 4014 	strh.w	r4, [sp, #20]
D:\WkPjt.Src\MStory3.0\Unit_0\BaseProgram\src/hw_config.c:469
    GPIO_InitStructure.GPIO_Speed = GPIO_Speed_50MHz;
  4c:	f88d 6016 	strb.w	r6, [sp, #22]
D:\WkPjt.Src\MStory3.0\Unit_0\BaseProgram\src/hw_config.c:470
    GPIO_InitStructure.GPIO_Mode = GPIO_Mode_Out_PP;
  50:	f88d 4017 	strb.w	r4, [sp, #23]
D:\WkPjt.Src\MStory3.0\Unit_0\BaseProgram\src/hw_config.c:471
    GPIO_Init(GPIO_RF_SPI, &GPIO_InitStructure);
  54:	f7ff fffe 	bl	0 <GPIO_Init>
D:\WkPjt.Src\MStory3.0\Unit_0\BaseProgram\src/hw_config.c:475

    /* Configure SPI1 pins: VREG_EN and RESETn ---------------------------------*/
    GPIO_InitStructure.GPIO_Pin = GPIO_RF_RESET_PIN | GPIO_RF_VREG_EN_PIN;
    GPIO_InitStructure.GPIO_Speed = GPIO_Speed_50MHz;
  58:	f88d 6016 	strb.w	r6, [sp, #22]
D:\WkPjt.Src\MStory3.0\Unit_0\BaseProgram\src/hw_config.c:477
    GPIO_InitStructure.GPIO_Mode = GPIO_Mode_Out_PP;
    GPIO_Init(GPIO_RF_RESET, &GPIO_InitStructure);
  5c:	4e1d      	ldr	r6, [pc, #116]	(d4 <SPIx_Init+0xd4>)
D:\WkPjt.Src\MStory3.0\Unit_0\BaseProgram\src/hw_config.c:474
    GPIO_InitStructure.GPIO_Speed = GPIO_Speed_50MHz;
    GPIO_InitStructure.GPIO_Mode = GPIO_Mode_Out_PP;
    GPIO_Init(GPIO_RF_SPI, &GPIO_InitStructure);

    /* Configure SPI1 pins: VREG_EN and RESETn ---------------------------------*/
    GPIO_InitStructure.GPIO_Pin = GPIO_RF_RESET_PIN | GPIO_RF_VREG_EN_PIN;
  5e:	f04f 03c0 	mov.w	r3, #192	; 0xc0
D:\WkPjt.Src\MStory3.0\Unit_0\BaseProgram\src/hw_config.c:476
    GPIO_InitStructure.GPIO_Speed = GPIO_Speed_50MHz;
    GPIO_InitStructure.GPIO_Mode = GPIO_Mode_Out_PP;
  62:	f88d 4017 	strb.w	r4, [sp, #23]
D:\WkPjt.Src\MStory3.0\Unit_0\BaseProgram\src/hw_config.c:477
    GPIO_Init(GPIO_RF_RESET, &GPIO_InitStructure);
  66:	4630      	mov	r0, r6
  68:	4629      	mov	r1, r5
D:\WkPjt.Src\MStory3.0\Unit_0\BaseProgram\src/hw_config.c:491

    SPI_InitStructure.SPI_NSS = SPI_NSS_Soft;
    SPI_InitStructure.SPI_BaudRatePrescaler = SPI_BaudRatePrescaler_16;   // 72MHz / 16 = 4.5MHz
    SPI_InitStructure.SPI_FirstBit = SPI_FirstBit_MSB;
    SPI_InitStructure.SPI_CRCPolynomial = 7;
    SPI_Init(SPI1, &SPI_InitStructure);
  6a:	4c1b      	ldr	r4, [pc, #108]	(d8 <SPIx_Init+0xd8>)
D:\WkPjt.Src\MStory3.0\Unit_0\BaseProgram\src/hw_config.c:474
    GPIO_InitStructure.GPIO_Speed = GPIO_Speed_50MHz;
    GPIO_InitStructure.GPIO_Mode = GPIO_Mode_Out_PP;
    GPIO_Init(GPIO_RF_SPI, &GPIO_InitStructure);

    /* Configure SPI1 pins: VREG_EN and RESETn ---------------------------------*/
    GPIO_InitStructure.GPIO_Pin = GPIO_RF_RESET_PIN | GPIO_RF_VREG_EN_PIN;
  6c:	f8ad 3014 	strh.w	r3, [sp, #20]
D:\WkPjt.Src\MStory3.0\Unit_0\BaseProgram\src/hw_config.c:477
    GPIO_InitStructure.GPIO_Speed = GPIO_Speed_50MHz;
    GPIO_InitStructure.GPIO_Mode = GPIO_Mode_Out_PP;
    GPIO_Init(GPIO_RF_RESET, &GPIO_InitStructure);
  70:	f7ff fffe 	bl	0 <GPIO_Init>
D:\WkPjt.Src\MStory3.0\Unit_0\BaseProgram\src/hw_config.c:480

    /* SPI1 Config -------------------------------------------------------------*/
    SPI_InitStructure.SPI_Direction = SPI_Direction_2Lines_FullDuplex;
  74:	2300      	movs	r3, #0
D:\WkPjt.Src\MStory3.0\Unit_0\BaseProgram\src/hw_config.c:481
    SPI_InitStructure.SPI_Mode = SPI_Mode_Master;
  76:	f44f 7282 	mov.w	r2, #260	; 0x104
D:\WkPjt.Src\MStory3.0\Unit_0\BaseProgram\src/hw_config.c:480
    GPIO_InitStructure.GPIO_Speed = GPIO_Speed_50MHz;
    GPIO_InitStructure.GPIO_Mode = GPIO_Mode_Out_PP;
    GPIO_Init(GPIO_RF_RESET, &GPIO_InitStructure);

    /* SPI1 Config -------------------------------------------------------------*/
    SPI_InitStructure.SPI_Direction = SPI_Direction_2Lines_FullDuplex;
  7a:	f8ad 3002 	strh.w	r3, [sp, #2]
D:\WkPjt.Src\MStory3.0\Unit_0\BaseProgram\src/hw_config.c:481
    SPI_InitStructure.SPI_Mode = SPI_Mode_Master;
  7e:	f8ad 2004 	strh.w	r2, [sp, #4]
D:\WkPjt.Src\MStory3.0\Unit_0\BaseProgram\src/hw_config.c:482
    SPI_InitStructure.SPI_DataSize = SPI_DataSize_8b;
  82:	f8ad 3006 	strh.w	r3, [sp, #6]
D:\WkPjt.Src\MStory3.0\Unit_0\BaseProgram\src/hw_config.c:487

    SPI_InitStructure.SPI_CPOL = SPI_CPOL_Low;
    SPI_InitStructure.SPI_CPHA = SPI_CPHA_1Edge;

    SPI_InitStructure.SPI_NSS = SPI_NSS_Soft;
  86:	f44f 7200 	mov.w	r2, #512	; 0x200
D:\WkPjt.Src\MStory3.0\Unit_0\BaseProgram\src/hw_config.c:484
    /* SPI1 Config -------------------------------------------------------------*/
    SPI_InitStructure.SPI_Direction = SPI_Direction_2Lines_FullDuplex;
    SPI_InitStructure.SPI_Mode = SPI_Mode_Master;
    SPI_InitStructure.SPI_DataSize = SPI_DataSize_8b;

    SPI_InitStructure.SPI_CPOL = SPI_CPOL_Low;
  8a:	f8ad 3008 	strh.w	r3, [sp, #8]
D:\WkPjt.Src\MStory3.0\Unit_0\BaseProgram\src/hw_config.c:485
    SPI_InitStructure.SPI_CPHA = SPI_CPHA_1Edge;
  8e:	f8ad 300a 	strh.w	r3, [sp, #10]
D:\WkPjt.Src\MStory3.0\Unit_0\BaseProgram\src/hw_config.c:489

    SPI_InitStructure.SPI_NSS = SPI_NSS_Soft;
    SPI_InitStructure.SPI_BaudRatePrescaler = SPI_BaudRatePrescaler_16;   // 72MHz / 16 = 4.5MHz
    SPI_InitStructure.SPI_FirstBit = SPI_FirstBit_MSB;
  92:	f8ad 3010 	strh.w	r3, [sp, #16]
D:\WkPjt.Src\MStory3.0\Unit_0\BaseProgram\src/hw_config.c:491
    SPI_InitStructure.SPI_CRCPolynomial = 7;
    SPI_Init(SPI1, &SPI_InitStructure);
  96:	4620      	mov	r0, r4
D:\WkPjt.Src\MStory3.0\Unit_0\BaseProgram\src/hw_config.c:490
    SPI_InitStructure.SPI_CPHA = SPI_CPHA_1Edge;

    SPI_InitStructure.SPI_NSS = SPI_NSS_Soft;
    SPI_InitStructure.SPI_BaudRatePrescaler = SPI_BaudRatePrescaler_16;   // 72MHz / 16 = 4.5MHz
    SPI_InitStructure.SPI_FirstBit = SPI_FirstBit_MSB;
    SPI_InitStructure.SPI_CRCPolynomial = 7;
  98:	f04f 0307 	mov.w	r3, #7	; 0x7
D:\WkPjt.Src\MStory3.0\Unit_0\BaseProgram\src/hw_config.c:491
    SPI_Init(SPI1, &SPI_InitStructure);
  9c:	f10d 0102 	add.w	r1, sp, #2	; 0x2
D:\WkPjt.Src\MStory3.0\Unit_0\BaseProgram\src/hw_config.c:487
    SPI_InitStructure.SPI_DataSize = SPI_DataSize_8b;

    SPI_InitStructure.SPI_CPOL = SPI_CPOL_Low;
    SPI_InitStructure.SPI_CPHA = SPI_CPHA_1Edge;

    SPI_InitStructure.SPI_NSS = SPI_NSS_Soft;
  a0:	f8ad 200c 	strh.w	r2, [sp, #12]
D:\WkPjt.Src\MStory3.0\Unit_0\BaseProgram\src/hw_config.c:490
    SPI_InitStructure.SPI_BaudRatePrescaler = SPI_BaudRatePrescaler_16;   // 72MHz / 16 = 4.5MHz
    SPI_InitStructure.SPI_FirstBit = SPI_FirstBit_MSB;
    SPI_InitStructure.SPI_CRCPolynomial = 7;
  a4:	f8ad 3012 	strh.w	r3, [sp, #18]
D:\WkPjt.Src\MStory3.0\Unit_0\BaseProgram\src/hw_config.c:488

    SPI_InitStructure.SPI_CPOL = SPI_CPOL_Low;
    SPI_InitStructure.SPI_CPHA = SPI_CPHA_1Edge;

    SPI_InitStructure.SPI_NSS = SPI_NSS_Soft;
    SPI_InitStructure.SPI_BaudRatePrescaler = SPI_BaudRatePrescaler_16;   // 72MHz / 16 = 4.5MHz
  a8:	f8ad 900e 	strh.w	r9, [sp, #14]
D:\WkPjt.Src\MStory3.0\Unit_0\BaseProgram\src/hw_config.c:491
    SPI_InitStructure.SPI_FirstBit = SPI_FirstBit_MSB;
    SPI_InitStructure.SPI_CRCPolynomial = 7;
    SPI_Init(SPI1, &SPI_InitStructure);
  ac:	f7ff fffe 	bl	0 <SPI_Init>
D:\WkPjt.Src\MStory3.0\Unit_0\BaseProgram\src/hw_config.c:494

    /* Enable SPI1 */
    SPI_Cmd(SPI1, ENABLE);
  b0:	4620      	mov	r0, r4
  b2:	2101      	movs	r1, #1
  b4:	f7ff fffe 	bl	0 <SPI_Cmd>
D:\WkPjt.Src\MStory3.0\Unit_0\BaseProgram\src/hw_config.c:496

    GPIO_SetBits(GPIO_RF_RESET, GPIO_RF_RESET_PIN);
  b8:	4630      	mov	r0, r6
  ba:	2140      	movs	r1, #64
  bc:	f7ff fffe 	bl	0 <GPIO_SetBits>
D:\WkPjt.Src\MStory3.0\Unit_0\BaseProgram\src/hw_config.c:497
    GPIO_SetBits(GPIO_RF_VREG_EN, GPIO_RF_VREG_EN_PIN);
  c0:	4630      	mov	r0, r6
  c2:	2180      	movs	r1, #128
  c4:	f7ff fffe 	bl	0 <GPIO_SetBits>
D:\WkPjt.Src\MStory3.0\Unit_0\BaseProgram\src/hw_config.c:498
}
  c8:	b006      	add	sp, #24
  ca:	e8bd 8370 	ldmia.w	sp!, {r4, r5, r6, r8, r9, pc}
  ce:	46c0      	nop			(mov r8, r8)
  d0:	00000000 	.word	0x00000000
  d4:	40011000 	.word	0x40011000
  d8:	40013000 	.word	0x40013000
  dc:	40010800 	.word	0x40010800
Disassembly of section .text.EXTI_Configuration:

00000000 <EXTI_Configuration>:
EXTI_Configuration():
D:\WkPjt.Src\MStory3.0\Unit_0\BaseProgram\src/hw_config.c:349
* Input         : None.
* Output        : None.
* Return value  : The direction value.
*******************************************************************************/
void EXTI_Configuration(void)
{ 
   0:	e92d 4177 	stmdb	sp!, {r0, r1, r2, r4, r5, r6, r8, lr}
D:\WkPjt.Src\MStory3.0\Unit_0\BaseProgram\src/hw_config.c:354
    EXTI_InitTypeDef EXTI_InitStructure;

    /* Configure gpio as input : Button Left-WKUP */
    /* Connect EXTI Line to gpio pin */
    GPIO_EXTILineConfig(GPIO_PORTSOURCE_KEY, GPIO_PINSOURCE_KEY1);
   4:	2000      	movs	r0, #0
   6:	4601      	mov	r1, r0
   8:	f7ff fffe 	bl	0 <GPIO_EXTILineConfig>
D:\WkPjt.Src\MStory3.0\Unit_0\BaseProgram\src/hw_config.c:357

    /* Configure EXTI Line to generate an interrupt */
    EXTI_InitStructure.EXTI_Line    = GPIO_EXTI_Line_KEY1;
   c:	2501      	movs	r5, #1
D:\WkPjt.Src\MStory3.0\Unit_0\BaseProgram\src/hw_config.c:358
    EXTI_InitStructure.EXTI_Mode    = EXTI_Mode_Interrupt;
   e:	2400      	movs	r4, #0
D:\WkPjt.Src\MStory3.0\Unit_0\BaseProgram\src/hw_config.c:359
    EXTI_InitStructure.EXTI_Trigger = EXTI_Trigger_Falling;
  10:	f04f 080c 	mov.w	r8, #12	; 0xc
D:\WkPjt.Src\MStory3.0\Unit_0\BaseProgram\src/hw_config.c:361
    EXTI_InitStructure.EXTI_LineCmd = ENABLE;
    EXTI_Init(&EXTI_InitStructure);
  14:	4668      	mov	r0, sp
D:\WkPjt.Src\MStory3.0\Unit_0\BaseProgram\src/hw_config.c:357
    /* Configure gpio as input : Button Left-WKUP */
    /* Connect EXTI Line to gpio pin */
    GPIO_EXTILineConfig(GPIO_PORTSOURCE_KEY, GPIO_PINSOURCE_KEY1);

    /* Configure EXTI Line to generate an interrupt */
    EXTI_InitStructure.EXTI_Line    = GPIO_EXTI_Line_KEY1;
  16:	9500      	str	r5, [sp, #0]
D:\WkPjt.Src\MStory3.0\Unit_0\BaseProgram\src/hw_config.c:358
    EXTI_InitStructure.EXTI_Mode    = EXTI_Mode_Interrupt;
  18:	f88d 4004 	strb.w	r4, [sp, #4]
D:\WkPjt.Src\MStory3.0\Unit_0\BaseProgram\src/hw_config.c:359
    EXTI_InitStructure.EXTI_Trigger = EXTI_Trigger_Falling;
  1c:	f88d 8005 	strb.w	r8, [sp, #5]
D:\WkPjt.Src\MStory3.0\Unit_0\BaseProgram\src/hw_config.c:360
    EXTI_InitStructure.EXTI_LineCmd = ENABLE;
  20:	f88d 5006 	strb.w	r5, [sp, #6]
D:\WkPjt.Src\MStory3.0\Unit_0\BaseProgram\src/hw_config.c:361
    EXTI_Init(&EXTI_InitStructure);
  24:	f7ff fffe 	bl	0 <EXTI_Init>
D:\WkPjt.Src\MStory3.0\Unit_0\BaseProgram\src/hw_config.c:365

    /* Configure gpio as input : Button Right-USER */
    /* Connect EXTI Line to gpio pin */
    GPIO_EXTILineConfig(GPIO_PORTSOURCE_KEY, GPIO_PINSOURCE_KEY2);
  28:	4629      	mov	r1, r5
  2a:	4620      	mov	r0, r4
  2c:	f7ff fffe 	bl	0 <GPIO_EXTILineConfig>
D:\WkPjt.Src\MStory3.0\Unit_0\BaseProgram\src/hw_config.c:368

    /* Configure EXTI Line to generate an interrupt */  
    EXTI_InitStructure.EXTI_Line    = GPIO_EXTI_Line_KEY2;
  30:	2302      	movs	r3, #2
D:\WkPjt.Src\MStory3.0\Unit_0\BaseProgram\src/hw_config.c:372
    EXTI_InitStructure.EXTI_Mode    = EXTI_Mode_Interrupt;
    EXTI_InitStructure.EXTI_Trigger = EXTI_Trigger_Falling;
    EXTI_InitStructure.EXTI_LineCmd = ENABLE;
    EXTI_Init(&EXTI_InitStructure);
  32:	4668      	mov	r0, sp
D:\WkPjt.Src\MStory3.0\Unit_0\BaseProgram\src/hw_config.c:368
    /* Configure gpio as input : Button Right-USER */
    /* Connect EXTI Line to gpio pin */
    GPIO_EXTILineConfig(GPIO_PORTSOURCE_KEY, GPIO_PINSOURCE_KEY2);

    /* Configure EXTI Line to generate an interrupt */  
    EXTI_InitStructure.EXTI_Line    = GPIO_EXTI_Line_KEY2;
  34:	9300      	str	r3, [sp, #0]
D:\WkPjt.Src\MStory3.0\Unit_0\BaseProgram\src/hw_config.c:369
    EXTI_InitStructure.EXTI_Mode    = EXTI_Mode_Interrupt;
  36:	f88d 4004 	strb.w	r4, [sp, #4]
D:\WkPjt.Src\MStory3.0\Unit_0\BaseProgram\src/hw_config.c:370
    EXTI_InitStructure.EXTI_Trigger = EXTI_Trigger_Falling;
  3a:	f88d 8005 	strb.w	r8, [sp, #5]
D:\WkPjt.Src\MStory3.0\Unit_0\BaseProgram\src/hw_config.c:371
    EXTI_InitStructure.EXTI_LineCmd = ENABLE;
  3e:	f88d 5006 	strb.w	r5, [sp, #6]
D:\WkPjt.Src\MStory3.0\Unit_0\BaseProgram\src/hw_config.c:372
    EXTI_Init(&EXTI_InitStructure);
  42:	f7ff fffe 	bl	0 <EXTI_Init>
D:\WkPjt.Src\MStory3.0\Unit_0\BaseProgram\src/hw_config.c:375

    /* USB Wakeup from suspend event */
    EXTI_ClearITPendingBit(EXTI_Line18);
  46:	f44f 2080 	mov.w	r0, #262144	; 0x40000
  4a:	f7ff fffe 	bl	0 <EXTI_ClearITPendingBit>
D:\WkPjt.Src\MStory3.0\Unit_0\BaseProgram\src/hw_config.c:376
    EXTI_InitStructure.EXTI_Line    = EXTI_Line18; // USB resume from suspend mode
  4e:	f44f 2380 	mov.w	r3, #262144	; 0x40000
  52:	9300      	str	r3, [sp, #0]
D:\WkPjt.Src\MStory3.0\Unit_0\BaseProgram\src/hw_config.c:379
    EXTI_InitStructure.EXTI_Trigger = EXTI_Trigger_Rising;
    EXTI_InitStructure.EXTI_LineCmd = ENABLE;
    EXTI_Init(&EXTI_InitStructure);
  54:	4668      	mov	r0, sp
D:\WkPjt.Src\MStory3.0\Unit_0\BaseProgram\src/hw_config.c:377
    EXTI_Init(&EXTI_InitStructure);

    /* USB Wakeup from suspend event */
    EXTI_ClearITPendingBit(EXTI_Line18);
    EXTI_InitStructure.EXTI_Line    = EXTI_Line18; // USB resume from suspend mode
    EXTI_InitStructure.EXTI_Trigger = EXTI_Trigger_Rising;
  56:	2308      	movs	r3, #8
D:\WkPjt.Src\MStory3.0\Unit_0\BaseProgram\src/hw_config.c:361
    /* Configure EXTI Line to generate an interrupt */
    EXTI_InitStructure.EXTI_Line    = GPIO_EXTI_Line_KEY1;
    EXTI_InitStructure.EXTI_Mode    = EXTI_Mode_Interrupt;
    EXTI_InitStructure.EXTI_Trigger = EXTI_Trigger_Falling;
    EXTI_InitStructure.EXTI_LineCmd = ENABLE;
    EXTI_Init(&EXTI_InitStructure);
  58:	466e      	mov	r6, sp
D:\WkPjt.Src\MStory3.0\Unit_0\BaseProgram\src/hw_config.c:377
    EXTI_Init(&EXTI_InitStructure);

    /* USB Wakeup from suspend event */
    EXTI_ClearITPendingBit(EXTI_Line18);
    EXTI_InitStructure.EXTI_Line    = EXTI_Line18; // USB resume from suspend mode
    EXTI_InitStructure.EXTI_Trigger = EXTI_Trigger_Rising;
  5a:	f88d 3005 	strb.w	r3, [sp, #5]
D:\WkPjt.Src\MStory3.0\Unit_0\BaseProgram\src/hw_config.c:378
    EXTI_InitStructure.EXTI_LineCmd = ENABLE;
  5e:	f88d 5006 	strb.w	r5, [sp, #6]
D:\WkPjt.Src\MStory3.0\Unit_0\BaseProgram\src/hw_config.c:379
    EXTI_Init(&EXTI_InitStructure);
  62:	f7ff fffe 	bl	0 <EXTI_Init>
D:\WkPjt.Src\MStory3.0\Unit_0\BaseProgram\src/hw_config.c:380
}
  66:	e8bd 817e 	ldmia.w	sp!, {r1, r2, r3, r4, r5, r6, r8, pc}
  6a:	46c0      	nop			(mov r8, r8)
Disassembly of section .text.USB_Cable_Config:

00000000 <USB_Cable_Config>:
USB_Cable_Config():
D:\WkPjt.Src\MStory3.0\Unit_0\BaseProgram\src/hw_config.c:267
* Input          : NewState: new state.
* Output         : None.
* Return         : None
*******************************************************************************/
void USB_Cable_Config (FunctionalState NewState)
{ 
   0:	b510      	push	{r4, lr}
D:\WkPjt.Src\MStory3.0\Unit_0\BaseProgram\src/hw_config.c:268
    if (NewState != DISABLE)
   2:	b128      	cbz	r0, 10 <USB_Cable_Config+0x10>
D:\WkPjt.Src\MStory3.0\Unit_0\BaseProgram\src/hw_config.c:270
    {
        GPIO_ResetBits(GPIO_USB_DISCONNECT, GPIO_USB_DISCONNECT_PIN);
   4:	4805      	ldr	r0, [pc, #20]	(1c <USB_Cable_Config+0x1c>)
   6:	f44f 7180 	mov.w	r1, #256	; 0x100
   a:	f7ff fffe 	bl	0 <GPIO_ResetBits>
   e:	e004      	b.n	1a <USB_Cable_Config+0x1a>
D:\WkPjt.Src\MStory3.0\Unit_0\BaseProgram\src/hw_config.c:274
    }
    else
    {
        GPIO_SetBits(GPIO_USB_DISCONNECT, GPIO_USB_DISCONNECT_PIN);
  10:	4802      	ldr	r0, [pc, #8]	(1c <USB_Cable_Config+0x1c>)
  12:	f44f 7180 	mov.w	r1, #256	; 0x100
  16:	f7ff fffe 	bl	0 <GPIO_SetBits>
D:\WkPjt.Src\MStory3.0\Unit_0\BaseProgram\src/hw_config.c:276
    }
}
  1a:	bd10      	pop	{r4, pc}
  1c:	40010800 	.word	0x40010800
Disassembly of section .text.USB_Interrupts_Config:

00000000 <USB_Interrupts_Config>:
USB_Interrupts_Config():
D:\WkPjt.Src\MStory3.0\Unit_0\BaseProgram\src/hw_config.c:231
* Input          : None.
* Output         : None.
* Return         : None.
*******************************************************************************/
void USB_Interrupts_Config(void)
{
   0:	b573      	push	{r0, r1, r4, r5, r6, lr}
D:\WkPjt.Src\MStory3.0\Unit_0\BaseProgram\src/hw_config.c:235
    NVIC_InitTypeDef NVIC_InitStructure;

    /* 2 bit for pre-emption priority, 2 bits for subpriority */
    NVIC_PriorityGroupConfig(NVIC_PriorityGroup_2);
   2:	f44f 60a0 	mov.w	r0, #1280	; 0x500
D:\WkPjt.Src\MStory3.0\Unit_0\BaseProgram\src/hw_config.c:242
    /* Enable the USB interrupt */
    NVIC_InitStructure.NVIC_IRQChannel = USB_LP_CAN1_RX0_IRQn;
    NVIC_InitStructure.NVIC_IRQChannelPreemptionPriority = 1;
    NVIC_InitStructure.NVIC_IRQChannelSubPriority = 0;
    NVIC_InitStructure.NVIC_IRQChannelCmd = ENABLE;
    NVIC_Init(&NVIC_InitStructure);
   6:	ad01      	add	r5, sp, #4
D:\WkPjt.Src\MStory3.0\Unit_0\BaseProgram\src/hw_config.c:235
void USB_Interrupts_Config(void)
{
    NVIC_InitTypeDef NVIC_InitStructure;

    /* 2 bit for pre-emption priority, 2 bits for subpriority */
    NVIC_PriorityGroupConfig(NVIC_PriorityGroup_2);
   8:	f7ff fffe 	bl	0 <NVIC_PriorityGroupConfig>
D:\WkPjt.Src\MStory3.0\Unit_0\BaseProgram\src/hw_config.c:240

    /* Enable the USB interrupt */
    NVIC_InitStructure.NVIC_IRQChannel = USB_LP_CAN1_RX0_IRQn;
    NVIC_InitStructure.NVIC_IRQChannelPreemptionPriority = 1;
    NVIC_InitStructure.NVIC_IRQChannelSubPriority = 0;
   c:	2400      	movs	r4, #0
D:\WkPjt.Src\MStory3.0\Unit_0\BaseProgram\src/hw_config.c:239
    /* 2 bit for pre-emption priority, 2 bits for subpriority */
    NVIC_PriorityGroupConfig(NVIC_PriorityGroup_2);

    /* Enable the USB interrupt */
    NVIC_InitStructure.NVIC_IRQChannel = USB_LP_CAN1_RX0_IRQn;
    NVIC_InitStructure.NVIC_IRQChannelPreemptionPriority = 1;
   e:	2601      	movs	r6, #1
D:\WkPjt.Src\MStory3.0\Unit_0\BaseProgram\src/hw_config.c:238

    /* 2 bit for pre-emption priority, 2 bits for subpriority */
    NVIC_PriorityGroupConfig(NVIC_PriorityGroup_2);

    /* Enable the USB interrupt */
    NVIC_InitStructure.NVIC_IRQChannel = USB_LP_CAN1_RX0_IRQn;
  10:	2314      	movs	r3, #20
D:\WkPjt.Src\MStory3.0\Unit_0\BaseProgram\src/hw_config.c:242
    NVIC_InitStructure.NVIC_IRQChannelPreemptionPriority = 1;
    NVIC_InitStructure.NVIC_IRQChannelSubPriority = 0;
    NVIC_InitStructure.NVIC_IRQChannelCmd = ENABLE;
    NVIC_Init(&NVIC_InitStructure);
  12:	4628      	mov	r0, r5
D:\WkPjt.Src\MStory3.0\Unit_0\BaseProgram\src/hw_config.c:238

    /* 2 bit for pre-emption priority, 2 bits for subpriority */
    NVIC_PriorityGroupConfig(NVIC_PriorityGroup_2);

    /* Enable the USB interrupt */
    NVIC_InitStructure.NVIC_IRQChannel = USB_LP_CAN1_RX0_IRQn;
  14:	f88d 3004 	strb.w	r3, [sp, #4]
D:\WkPjt.Src\MStory3.0\Unit_0\BaseProgram\src/hw_config.c:239
    NVIC_InitStructure.NVIC_IRQChannelPreemptionPriority = 1;
  18:	f88d 6005 	strb.w	r6, [sp, #5]
D:\WkPjt.Src\MStory3.0\Unit_0\BaseProgram\src/hw_config.c:240
    NVIC_InitStructure.NVIC_IRQChannelSubPriority = 0;
  1c:	f88d 4006 	strb.w	r4, [sp, #6]
D:\WkPjt.Src\MStory3.0\Unit_0\BaseProgram\src/hw_config.c:241
    NVIC_InitStructure.NVIC_IRQChannelCmd = ENABLE;
  20:	f88d 6007 	strb.w	r6, [sp, #7]
D:\WkPjt.Src\MStory3.0\Unit_0\BaseProgram\src/hw_config.c:242
    NVIC_Init(&NVIC_InitStructure);
  24:	f7ff fffe 	bl	0 <NVIC_Init>
D:\WkPjt.Src\MStory3.0\Unit_0\BaseProgram\src/hw_config.c:245

    /* Enable the USB Wake-up interrupt */
    NVIC_InitStructure.NVIC_IRQChannel = USBWakeUp_IRQn;
  28:	232a      	movs	r3, #42
D:\WkPjt.Src\MStory3.0\Unit_0\BaseProgram\src/hw_config.c:249
    NVIC_InitStructure.NVIC_IRQChannelPreemptionPriority = 0;
    NVIC_InitStructure.NVIC_IRQChannelSubPriority = 0;
    NVIC_InitStructure.NVIC_IRQChannelCmd = ENABLE;
    NVIC_Init(&NVIC_InitStructure);
  2a:	4628      	mov	r0, r5
D:\WkPjt.Src\MStory3.0\Unit_0\BaseProgram\src/hw_config.c:245
    NVIC_InitStructure.NVIC_IRQChannelSubPriority = 0;
    NVIC_InitStructure.NVIC_IRQChannelCmd = ENABLE;
    NVIC_Init(&NVIC_InitStructure);

    /* Enable the USB Wake-up interrupt */
    NVIC_InitStructure.NVIC_IRQChannel = USBWakeUp_IRQn;
  2c:	f88d 3004 	strb.w	r3, [sp, #4]
D:\WkPjt.Src\MStory3.0\Unit_0\BaseProgram\src/hw_config.c:246
    NVIC_InitStructure.NVIC_IRQChannelPreemptionPriority = 0;
  30:	f88d 4005 	strb.w	r4, [sp, #5]
D:\WkPjt.Src\MStory3.0\Unit_0\BaseProgram\src/hw_config.c:247
    NVIC_InitStructure.NVIC_IRQChannelSubPriority = 0;
  34:	f88d 4006 	strb.w	r4, [sp, #6]
D:\WkPjt.Src\MStory3.0\Unit_0\BaseProgram\src/hw_config.c:248
    NVIC_InitStructure.NVIC_IRQChannelCmd = ENABLE;
  38:	f88d 6007 	strb.w	r6, [sp, #7]
D:\WkPjt.Src\MStory3.0\Unit_0\BaseProgram\src/hw_config.c:249
    NVIC_Init(&NVIC_InitStructure);
  3c:	f7ff fffe 	bl	0 <NVIC_Init>
D:\WkPjt.Src\MStory3.0\Unit_0\BaseProgram\src/hw_config.c:252
    
    /* Enable the DMA1 Channel1 Interrupt */
    NVIC_InitStructure.NVIC_IRQChannel = DMA1_Channel1_IRQn;
  40:	230b      	movs	r3, #11
D:\WkPjt.Src\MStory3.0\Unit_0\BaseProgram\src/hw_config.c:256
    NVIC_InitStructure.NVIC_IRQChannelPreemptionPriority = 0;
    NVIC_InitStructure.NVIC_IRQChannelSubPriority = 0;
    NVIC_InitStructure.NVIC_IRQChannelCmd = ENABLE;
    NVIC_Init(&NVIC_InitStructure);
  42:	4628      	mov	r0, r5
D:\WkPjt.Src\MStory3.0\Unit_0\BaseProgram\src/hw_config.c:252
    NVIC_InitStructure.NVIC_IRQChannelSubPriority = 0;
    NVIC_InitStructure.NVIC_IRQChannelCmd = ENABLE;
    NVIC_Init(&NVIC_InitStructure);
    
    /* Enable the DMA1 Channel1 Interrupt */
    NVIC_InitStructure.NVIC_IRQChannel = DMA1_Channel1_IRQn;
  44:	f88d 3004 	strb.w	r3, [sp, #4]
D:\WkPjt.Src\MStory3.0\Unit_0\BaseProgram\src/hw_config.c:253
    NVIC_InitStructure.NVIC_IRQChannelPreemptionPriority = 0;
  48:	f88d 4005 	strb.w	r4, [sp, #5]
D:\WkPjt.Src\MStory3.0\Unit_0\BaseProgram\src/hw_config.c:254
    NVIC_InitStructure.NVIC_IRQChannelSubPriority = 0;
  4c:	f88d 4006 	strb.w	r4, [sp, #6]
D:\WkPjt.Src\MStory3.0\Unit_0\BaseProgram\src/hw_config.c:255
    NVIC_InitStructure.NVIC_IRQChannelCmd = ENABLE;
  50:	f88d 6007 	strb.w	r6, [sp, #7]
D:\WkPjt.Src\MStory3.0\Unit_0\BaseProgram\src/hw_config.c:256
    NVIC_Init(&NVIC_InitStructure);
  54:	f7ff fffe 	bl	0 <NVIC_Init>
D:\WkPjt.Src\MStory3.0\Unit_0\BaseProgram\src/hw_config.c:257
}
  58:	bd7c      	pop	{r2, r3, r4, r5, r6, pc}
  5a:	46c0      	nop			(mov r8, r8)
Disassembly of section .text.Leave_LowPowerMode:

00000000 <Leave_LowPowerMode>:
Leave_LowPowerMode():
D:\WkPjt.Src\MStory3.0\Unit_0\BaseProgram\src/hw_config.c:188
* Input          : None.
* Output         : None.
* Return         : None.
*******************************************************************************/
void Leave_LowPowerMode(void)
{
   0:	b510      	push	{r4, lr}
D:\WkPjt.Src\MStory3.0\Unit_0\BaseProgram\src/hw_config.c:192
    DEVICE_INFO *pInfo = &Device_Info;

    /* Enable HSE */
    RCC_HSEConfig(RCC_HSE_ON);
   2:	f44f 3080 	mov.w	r0, #65536	; 0x10000
   6:	f7ff fffe 	bl	0 <RCC_HSEConfig>
D:\WkPjt.Src\MStory3.0\Unit_0\BaseProgram\src/hw_config.c:195

    /* Wait till HSE is ready */
    RCC_WaitForHSEStartUp();
   a:	f7ff fffe 	bl	0 <RCC_WaitForHSEStartUp>
D:\WkPjt.Src\MStory3.0\Unit_0\BaseProgram\src/hw_config.c:198

    /* Enable PLL */
    RCC_PLLCmd(ENABLE);
   e:	2001      	movs	r0, #1
  10:	f7ff fffe 	bl	0 <RCC_PLLCmd>
D:\WkPjt.Src\MStory3.0\Unit_0\BaseProgram\src/hw_config.c:201

    /* Wait till PLL is ready */
    while (RCC_GetFlagStatus(RCC_FLAG_PLLRDY) == RESET)
  14:	2039      	movs	r0, #57
  16:	f7ff fffe 	bl	0 <RCC_GetFlagStatus>
  1a:	2800      	cmp	r0, #0
  1c:	d0fa      	beq.n	14 <Leave_LowPowerMode+0x14>
D:\WkPjt.Src\MStory3.0\Unit_0\BaseProgram\src/hw_config.c:205
    {}

    /* Select PLL as system clock source */
    RCC_SYSCLKConfig(RCC_SYSCLKSource_PLLCLK);
  1e:	2002      	movs	r0, #2
  20:	f7ff fffe 	bl	0 <RCC_SYSCLKConfig>
D:\WkPjt.Src\MStory3.0\Unit_0\BaseProgram\src/hw_config.c:208

    /* Wait till PLL is used as system clock source */
    while (RCC_GetSYSCLKSource() != 0x08)
  24:	f7ff fffe 	bl	0 <RCC_GetSYSCLKSource>
  28:	2808      	cmp	r0, #8
  2a:	d1fb      	bne.n	24 <Leave_LowPowerMode+0x24>
D:\WkPjt.Src\MStory3.0\Unit_0\BaseProgram\src/hw_config.c:212
    {}

    /* Set the device state to the correct state */
    if (pInfo->Current_Configuration != 0)
  2c:	4b04      	ldr	r3, [pc, #16]	(40 <Leave_LowPowerMode+0x40>)
  2e:	4a05      	ldr	r2, [pc, #20]	(44 <Leave_LowPowerMode+0x44>)
  30:	7a9b      	ldrb	r3, [r3, #10]
  32:	b10b      	cbz	r3, 38 <Leave_LowPowerMode+0x38>
D:\WkPjt.Src\MStory3.0\Unit_0\BaseProgram\src/hw_config.c:215
    {
        /* Device configured */
        bDeviceState = CONFIGURED;
  34:	2305      	movs	r3, #5
  36:	e000      	b.n	3a <Leave_LowPowerMode+0x3a>
D:\WkPjt.Src\MStory3.0\Unit_0\BaseProgram\src/hw_config.c:219
    }
    else 
    {
        bDeviceState = ATTACHED;
  38:	2301      	movs	r3, #1
  3a:	6013      	str	r3, [r2, #0]
D:\WkPjt.Src\MStory3.0\Unit_0\BaseProgram\src/hw_config.c:221
    }
}
  3c:	bd10      	pop	{r4, pc}
  3e:	46c0      	nop			(mov r8, r8)
	...
Disassembly of section .text.Enter_LowPowerMode:

00000000 <Enter_LowPowerMode>:
Enter_LowPowerMode():
D:\WkPjt.Src\MStory3.0\Unit_0\BaseProgram\src/hw_config.c:169
* Return         : None.
*******************************************************************************/
void Enter_LowPowerMode(void)
{
    /* Set the device state to suspend */
    bDeviceState = SUSPENDED;
   0:	4b04      	ldr	r3, [pc, #16]	(14 <Enter_LowPowerMode+0x14>)
   2:	2203      	movs	r2, #3
D:\WkPjt.Src\MStory3.0\Unit_0\BaseProgram\src/hw_config.c:177
    /* Clear EXTI Line18 pending bit */
    EXTI_ClearITPendingBit(GPIO_EXTI_Line_KEY1);
#endif

    /* Request to enter STOP mode with regulator in low power mode */
    PWR_EnterSTOPMode(PWR_Regulator_LowPower, PWR_STOPEntry_WFI);
   4:	2001      	movs	r0, #1
D:\WkPjt.Src\MStory3.0\Unit_0\BaseProgram\src/hw_config.c:167
* Input          : None.
* Output         : None.
* Return         : None.
*******************************************************************************/
void Enter_LowPowerMode(void)
{
   6:	b510      	push	{r4, lr}
D:\WkPjt.Src\MStory3.0\Unit_0\BaseProgram\src/hw_config.c:169
    /* Set the device state to suspend */
    bDeviceState = SUSPENDED;
   8:	601a      	str	r2, [r3, #0]
D:\WkPjt.Src\MStory3.0\Unit_0\BaseProgram\src/hw_config.c:177
    /* Clear EXTI Line18 pending bit */
    EXTI_ClearITPendingBit(GPIO_EXTI_Line_KEY1);
#endif

    /* Request to enter STOP mode with regulator in low power mode */
    PWR_EnterSTOPMode(PWR_Regulator_LowPower, PWR_STOPEntry_WFI);
   a:	4601      	mov	r1, r0
   c:	f7ff fffe 	bl	0 <PWR_EnterSTOPMode>
D:\WkPjt.Src\MStory3.0\Unit_0\BaseProgram\src/hw_config.c:178
}
  10:	bd10      	pop	{r4, pc}
  12:	46c0      	nop			(mov r8, r8)
  14:	00000000 	.word	0x00000000
Disassembly of section .text.Set_USBClock:

00000000 <Set_USBClock>:
Set_USBClock():
D:\WkPjt.Src\MStory3.0\Unit_0\BaseProgram\src/hw_config.c:153
* Return         : None.
*******************************************************************************/
void Set_USBClock(void)
{
    /* Select USBCLK source */
    RCC_USBCLKConfig(RCC_USBCLKSource_PLLCLK_1Div5);
   0:	2000      	movs	r0, #0
D:\WkPjt.Src\MStory3.0\Unit_0\BaseProgram\src/hw_config.c:151
* Input          : None.
* Output         : None.
* Return         : None.
*******************************************************************************/
void Set_USBClock(void)
{
   2:	b510      	push	{r4, lr}
D:\WkPjt.Src\MStory3.0\Unit_0\BaseProgram\src/hw_config.c:153
    /* Select USBCLK source */
    RCC_USBCLKConfig(RCC_USBCLKSource_PLLCLK_1Div5);
   4:	f7ff fffe 	bl	0 <RCC_USBCLKConfig>
D:\WkPjt.Src\MStory3.0\Unit_0\BaseProgram\src/hw_config.c:156

    /* Enable USB clock */
    RCC_APB1PeriphClockCmd(RCC_APB1Periph_USB, ENABLE);
   8:	f44f 0000 	mov.w	r0, #8388608	; 0x800000
   c:	2101      	movs	r1, #1
   e:	f7ff fffe 	bl	0 <RCC_APB1PeriphClockCmd>
D:\WkPjt.Src\MStory3.0\Unit_0\BaseProgram\src/hw_config.c:157
}
  12:	bd10      	pop	{r4, pc}
Disassembly of section .text.NVIC_Configuration:

00000000 <NVIC_Configuration>:
NVIC_Configuration():
D:\WkPjt.Src\MStory3.0\Unit_0\BaseProgram\src/hw_config.c:114
* Input          : None
* Output         : None
* Return         : None
*******************************************************************************/
void NVIC_Configuration(void)
{ 
   0:	b573      	push	{r0, r1, r4, r5, r6, lr}
D:\WkPjt.Src\MStory3.0\Unit_0\BaseProgram\src/hw_config.c:122
#ifdef  VECT_TAB_RAM
    /* Set the Vector Table base location at 0x20000000 */ 
    NVIC_SetVectorTable(NVIC_VectTab_RAM, 0x0); 
#else  /* VECT_TAB_FLASH  */
    /* Set the Vector Table base location at 0x08000000 */ 
    NVIC_SetVectorTable(NVIC_VectTab_FLASH, 0x0);   
   2:	2100      	movs	r1, #0
   4:	f04f 6000 	mov.w	r0, #134217728	; 0x8000000
   8:	f7ff fffe 	bl	0 <NVIC_SetVectorTable>
D:\WkPjt.Src\MStory3.0\Unit_0\BaseProgram\src/hw_config.c:133
    /* Enable the EXTI0 Interrupt */
    NVIC_InitStructure.NVIC_IRQChannel = EXTI0_IRQn;
    NVIC_InitStructure.NVIC_IRQChannelPreemptionPriority = 0;
    NVIC_InitStructure.NVIC_IRQChannelSubPriority = 0;
    NVIC_InitStructure.NVIC_IRQChannelCmd = ENABLE;
    NVIC_Init(&NVIC_InitStructure);
   c:	ae01      	add	r6, sp, #4
D:\WkPjt.Src\MStory3.0\Unit_0\BaseProgram\src/hw_config.c:126
    /* Set the Vector Table base location at 0x08000000 */ 
    NVIC_SetVectorTable(NVIC_VectTab_FLASH, 0x0);   
#endif

    /* Configure one bit for preemption priority */
    NVIC_PriorityGroupConfig(NVIC_PriorityGroup_0);
   e:	f44f 60e0 	mov.w	r0, #1792	; 0x700
  12:	f7ff fffe 	bl	0 <NVIC_PriorityGroupConfig>
D:\WkPjt.Src\MStory3.0\Unit_0\BaseProgram\src/hw_config.c:130

    /* Enable the EXTI0 Interrupt */
    NVIC_InitStructure.NVIC_IRQChannel = EXTI0_IRQn;
    NVIC_InitStructure.NVIC_IRQChannelPreemptionPriority = 0;
  16:	2500      	movs	r5, #0
D:\WkPjt.Src\MStory3.0\Unit_0\BaseProgram\src/hw_config.c:129

    /* Configure one bit for preemption priority */
    NVIC_PriorityGroupConfig(NVIC_PriorityGroup_0);

    /* Enable the EXTI0 Interrupt */
    NVIC_InitStructure.NVIC_IRQChannel = EXTI0_IRQn;
  18:	2306      	movs	r3, #6
D:\WkPjt.Src\MStory3.0\Unit_0\BaseProgram\src/hw_config.c:132
    NVIC_InitStructure.NVIC_IRQChannelPreemptionPriority = 0;
    NVIC_InitStructure.NVIC_IRQChannelSubPriority = 0;
    NVIC_InitStructure.NVIC_IRQChannelCmd = ENABLE;
  1a:	2401      	movs	r4, #1
D:\WkPjt.Src\MStory3.0\Unit_0\BaseProgram\src/hw_config.c:133
    NVIC_Init(&NVIC_InitStructure);
  1c:	4630      	mov	r0, r6
D:\WkPjt.Src\MStory3.0\Unit_0\BaseProgram\src/hw_config.c:129

    /* Configure one bit for preemption priority */
    NVIC_PriorityGroupConfig(NVIC_PriorityGroup_0);

    /* Enable the EXTI0 Interrupt */
    NVIC_InitStructure.NVIC_IRQChannel = EXTI0_IRQn;
  1e:	f88d 3004 	strb.w	r3, [sp, #4]
D:\WkPjt.Src\MStory3.0\Unit_0\BaseProgram\src/hw_config.c:130
    NVIC_InitStructure.NVIC_IRQChannelPreemptionPriority = 0;
  22:	f88d 5005 	strb.w	r5, [sp, #5]
D:\WkPjt.Src\MStory3.0\Unit_0\BaseProgram\src/hw_config.c:131
    NVIC_InitStructure.NVIC_IRQChannelSubPriority = 0;
  26:	f88d 5006 	strb.w	r5, [sp, #6]
D:\WkPjt.Src\MStory3.0\Unit_0\BaseProgram\src/hw_config.c:132
    NVIC_InitStructure.NVIC_IRQChannelCmd = ENABLE;
  2a:	f88d 4007 	strb.w	r4, [sp, #7]
D:\WkPjt.Src\MStory3.0\Unit_0\BaseProgram\src/hw_config.c:133
    NVIC_Init(&NVIC_InitStructure);
  2e:	f7ff fffe 	bl	0 <NVIC_Init>
D:\WkPjt.Src\MStory3.0\Unit_0\BaseProgram\src/hw_config.c:136

    /* Enable the EXTI1 Interrupt */
    NVIC_InitStructure.NVIC_IRQChannel = EXTI1_IRQn;
  32:	2307      	movs	r3, #7
D:\WkPjt.Src\MStory3.0\Unit_0\BaseProgram\src/hw_config.c:140
    NVIC_InitStructure.NVIC_IRQChannelPreemptionPriority = 0;
    NVIC_InitStructure.NVIC_IRQChannelSubPriority = 1;
    NVIC_InitStructure.NVIC_IRQChannelCmd = ENABLE;
    NVIC_Init(&NVIC_InitStructure);
  34:	4630      	mov	r0, r6
D:\WkPjt.Src\MStory3.0\Unit_0\BaseProgram\src/hw_config.c:136
    NVIC_InitStructure.NVIC_IRQChannelSubPriority = 0;
    NVIC_InitStructure.NVIC_IRQChannelCmd = ENABLE;
    NVIC_Init(&NVIC_InitStructure);

    /* Enable the EXTI1 Interrupt */
    NVIC_InitStructure.NVIC_IRQChannel = EXTI1_IRQn;
  36:	f88d 3004 	strb.w	r3, [sp, #4]
D:\WkPjt.Src\MStory3.0\Unit_0\BaseProgram\src/hw_config.c:137
    NVIC_InitStructure.NVIC_IRQChannelPreemptionPriority = 0;
  3a:	f88d 5005 	strb.w	r5, [sp, #5]
D:\WkPjt.Src\MStory3.0\Unit_0\BaseProgram\src/hw_config.c:138
    NVIC_InitStructure.NVIC_IRQChannelSubPriority = 1;
  3e:	f88d 4006 	strb.w	r4, [sp, #6]
D:\WkPjt.Src\MStory3.0\Unit_0\BaseProgram\src/hw_config.c:139
    NVIC_InitStructure.NVIC_IRQChannelCmd = ENABLE;
  42:	f88d 4007 	strb.w	r4, [sp, #7]
D:\WkPjt.Src\MStory3.0\Unit_0\BaseProgram\src/hw_config.c:140
    NVIC_Init(&NVIC_InitStructure);
  46:	f7ff fffe 	bl	0 <NVIC_Init>
D:\WkPjt.Src\MStory3.0\Unit_0\BaseProgram\src/hw_config.c:141
}
  4a:	bd7c      	pop	{r2, r3, r4, r5, r6, pc}
Disassembly of section .text.RCC_Configuration:

00000000 <RCC_Configuration>:
RCC_Configuration():
D:\WkPjt.Src\MStory3.0\Unit_0\BaseProgram\src/hw_config.c:81
 * Input  : None
 * Output : None
 * Return : None
 */
void RCC_Configuration(void)
{
   0:	b510      	push	{r4, lr}
D:\WkPjt.Src\MStory3.0\Unit_0\BaseProgram\src/hw_config.c:82
    SystemInit();
   2:	f7ff fffe 	bl	0 <SystemInit>
D:\WkPjt.Src\MStory3.0\Unit_0\BaseProgram\src/hw_config.c:85

    /* Enable GPIOA clock */
    RCC_APB2PeriphClockCmd(RCC_APB2Periph_GPIOA, ENABLE);
   6:	2004      	movs	r0, #4
   8:	2101      	movs	r1, #1
   a:	f7ff fffe 	bl	0 <RCC_APB2PeriphClockCmd>
D:\WkPjt.Src\MStory3.0\Unit_0\BaseProgram\src/hw_config.c:88

    /* Enable GPIOB clock */
    RCC_APB2PeriphClockCmd(RCC_APB2Periph_GPIOB, ENABLE);
   e:	2008      	movs	r0, #8
  10:	2101      	movs	r1, #1
  12:	f7ff fffe 	bl	0 <RCC_APB2PeriphClockCmd>
D:\WkPjt.Src\MStory3.0\Unit_0\BaseProgram\src/hw_config.c:91

    /* Enable GPIOC clock */
    RCC_APB2PeriphClockCmd(RCC_APB2Periph_GPIOC, ENABLE);
  16:	2010      	movs	r0, #16
  18:	2101      	movs	r1, #1
  1a:	f7ff fffe 	bl	0 <RCC_APB2PeriphClockCmd>
D:\WkPjt.Src\MStory3.0\Unit_0\BaseProgram\src/hw_config.c:94

    /* Enable GPIOD clock */
    RCC_APB2PeriphClockCmd(RCC_APB2Periph_GPIOD, ENABLE);
  1e:	2020      	movs	r0, #32
  20:	2101      	movs	r1, #1
  22:	f7ff fffe 	bl	0 <RCC_APB2PeriphClockCmd>
D:\WkPjt.Src\MStory3.0\Unit_0\BaseProgram\src/hw_config.c:97

    /* Enable USART1 clocks */
    RCC_APB2PeriphClockCmd(RCC_APB2Periph_USART1, ENABLE);
  26:	2101      	movs	r1, #1
  28:	f44f 4080 	mov.w	r0, #16384	; 0x4000
  2c:	f7ff fffe 	bl	0 <RCC_APB2PeriphClockCmd>
D:\WkPjt.Src\MStory3.0\Unit_0\BaseProgram\src/hw_config.c:100

    /* Enable AFIO clock */
    RCC_APB2PeriphClockCmd(RCC_APB2Periph_AFIO, ENABLE);
  30:	2001      	movs	r0, #1
  32:	4601      	mov	r1, r0
  34:	f7ff fffe 	bl	0 <RCC_APB2PeriphClockCmd>
D:\WkPjt.Src\MStory3.0\Unit_0\BaseProgram\src/hw_config.c:103

    /* Enable DMA1 clock */
    RCC_AHBPeriphClockCmd(RCC_AHBPeriph_DMA1, ENABLE);
  38:	2001      	movs	r0, #1
  3a:	4601      	mov	r1, r0
  3c:	f7ff fffe 	bl	0 <RCC_AHBPeriphClockCmd>
D:\WkPjt.Src\MStory3.0\Unit_0\BaseProgram\src/hw_config.c:104
}
  40:	bd10      	pop	{r4, pc}
  42:	46c0      	nop			(mov r8, r8)
Disassembly of section .text.USART1_Init:

00000000 <USART1_Init>:
USART1_Init():
D:\WkPjt.Src\MStory3.0\Unit_0\BaseProgram\src/hw_config.c:47
 * Input  : None
 * Output : None
 * Return : None
 */
void USART1_Init(void)
{
   0:	b51f      	push	{r0, r1, r2, r3, r4, lr}
D:\WkPjt.Src\MStory3.0\Unit_0\BaseProgram\src/hw_config.c:68
    USART_InitStructure.USART_HardwareFlowControl
                                         = USART_HardwareFlowControl_None;
    USART_InitStructure.USART_Mode       = USART_Mode_Rx | USART_Mode_Tx;

    /* Configure the USARTx */ 
    USART_Init(USART1, &USART_InitStructure);
   2:	4c0d      	ldr	r4, [pc, #52]	(38 <USART1_Init+0x38>)
D:\WkPjt.Src\MStory3.0\Unit_0\BaseProgram\src/hw_config.c:59
     - One Stop Bit
     - No parity
     - Hardware flow control disabled (RTS and CTS signals)
     - Receive and transmit enabled
     */
    USART_InitStructure.USART_BaudRate   = 115200;
   4:	f44f 33e1 	mov.w	r3, #115200	; 0x1c200
   8:	9300      	str	r3, [sp, #0]
D:\WkPjt.Src\MStory3.0\Unit_0\BaseProgram\src/hw_config.c:60
    USART_InitStructure.USART_WordLength = USART_WordLength_8b;
   a:	f5a3 33e1 	sub.w	r3, r3, #115200	; 0x1c200
   e:	f8ad 3004 	strh.w	r3, [sp, #4]
D:\WkPjt.Src\MStory3.0\Unit_0\BaseProgram\src/hw_config.c:61
    USART_InitStructure.USART_StopBits   = USART_StopBits_1;
  12:	f8ad 3006 	strh.w	r3, [sp, #6]
D:\WkPjt.Src\MStory3.0\Unit_0\BaseProgram\src/hw_config.c:62
    USART_InitStructure.USART_Parity     = USART_Parity_No ;
  16:	f8ad 3008 	strh.w	r3, [sp, #8]
D:\WkPjt.Src\MStory3.0\Unit_0\BaseProgram\src/hw_config.c:63
    USART_InitStructure.USART_HardwareFlowControl
  1a:	f8ad 300c 	strh.w	r3, [sp, #12]
D:\WkPjt.Src\MStory3.0\Unit_0\BaseProgram\src/hw_config.c:68
                                         = USART_HardwareFlowControl_None;
    USART_InitStructure.USART_Mode       = USART_Mode_Rx | USART_Mode_Tx;

    /* Configure the USARTx */ 
    USART_Init(USART1, &USART_InitStructure);
  1e:	4620      	mov	r0, r4
D:\WkPjt.Src\MStory3.0\Unit_0\BaseProgram\src/hw_config.c:65
    USART_InitStructure.USART_WordLength = USART_WordLength_8b;
    USART_InitStructure.USART_StopBits   = USART_StopBits_1;
    USART_InitStructure.USART_Parity     = USART_Parity_No ;
    USART_InitStructure.USART_HardwareFlowControl
                                         = USART_HardwareFlowControl_None;
    USART_InitStructure.USART_Mode       = USART_Mode_Rx | USART_Mode_Tx;
  20:	f04f 030c 	mov.w	r3, #12	; 0xc
D:\WkPjt.Src\MStory3.0\Unit_0\BaseProgram\src/hw_config.c:68

    /* Configure the USARTx */ 
    USART_Init(USART1, &USART_InitStructure);
  24:	4669      	mov	r1, sp
D:\WkPjt.Src\MStory3.0\Unit_0\BaseProgram\src/hw_config.c:65
    USART_InitStructure.USART_WordLength = USART_WordLength_8b;
    USART_InitStructure.USART_StopBits   = USART_StopBits_1;
    USART_InitStructure.USART_Parity     = USART_Parity_No ;
    USART_InitStructure.USART_HardwareFlowControl
                                         = USART_HardwareFlowControl_None;
    USART_InitStructure.USART_Mode       = USART_Mode_Rx | USART_Mode_Tx;
  26:	f8ad 300a 	strh.w	r3, [sp, #10]
D:\WkPjt.Src\MStory3.0\Unit_0\BaseProgram\src/hw_config.c:68

    /* Configure the USARTx */ 
    USART_Init(USART1, &USART_InitStructure);
  2a:	f7ff fffe 	bl	0 <USART_Init>
D:\WkPjt.Src\MStory3.0\Unit_0\BaseProgram\src/hw_config.c:71

    /* Enable the USART1 */
    USART_Cmd(USART1, ENABLE);
  2e:	4620      	mov	r0, r4
  30:	2101      	movs	r1, #1
  32:	f7ff fffe 	bl	0 <USART_Cmd>
D:\WkPjt.Src\MStory3.0\Unit_0\BaseProgram\src/hw_config.c:72
}
  36:	bd1f      	pop	{r0, r1, r2, r3, r4, pc}
  38:	40013800 	.word	0x40013800
