
D:\WkPjt.Src\MStory3.0\Unit_0\BaseProgram\project\RIDE_Z1\obj\usb_endp.o:     file format elf32-littlearm
D:\WkPjt.Src\MStory3.0\Unit_0\BaseProgram\project\RIDE_Z1\obj\usb_endp.o

Disassembly of section .text.EP1_IN_Callback:

00000000 <EP1_IN_Callback>:
EP1_IN_Callback():
D:\WkPjt.Src\MStory3.0\Unit_0\BaseProgram\src/usb_endp.c:41
* Input          : None.
* Output         : None.
* Return         : None.
*******************************************************************************/
void EP1_IN_Callback(void)
{
   0:	b510      	push	{r4, lr}
D:\WkPjt.Src\MStory3.0\Unit_0\BaseProgram\src/usb_endp.c:42
    DEBUG_MSG_FUNC_START;
   2:	4802      	ldr	r0, [pc, #8]	(c <EP1_IN_Callback+0xc>)
   4:	f7ff fffe 	bl	0 <DebugMsg_FunctionStart>
D:\WkPjt.Src\MStory3.0\Unit_0\BaseProgram\src/usb_endp.c:43
}
   8:	bd10      	pop	{r4, pc}
   a:	46c0      	nop			(mov r8, r8)
   c:	00000000 	.word	0x00000000
Disassembly of section .text.EP1_OUT_Callback:

00000000 <EP1_OUT_Callback>:
EP1_OUT_Callback():
D:\WkPjt.Src\MStory3.0\Unit_0\BaseProgram\src/usb_endp.c:53
* Input          : None.
* Output         : None.
* Return         : None.
*******************************************************************************/
void EP1_OUT_Callback(void)
{
   0:	b510      	push	{r4, lr}
D:\WkPjt.Src\MStory3.0\Unit_0\BaseProgram\src/usb_endp.c:58
    DEBUG_MSG_FUNC_START;

    BitAction Led_State;

    PMAToUserBufferCopy(Receive_Buffer, ENDP1_RXADDR, 2);
   2:	4c17      	ldr	r4, [pc, #92]	(60 <EP1_OUT_Callback+0x60>)
D:\WkPjt.Src\MStory3.0\Unit_0\BaseProgram\src/usb_endp.c:54
* Output         : None.
* Return         : None.
*******************************************************************************/
void EP1_OUT_Callback(void)
{
    DEBUG_MSG_FUNC_START;
   4:	4817      	ldr	r0, [pc, #92]	(64 <EP1_OUT_Callback+0x64>)
   6:	f7ff fffe 	bl	0 <DebugMsg_FunctionStart>
D:\WkPjt.Src\MStory3.0\Unit_0\BaseProgram\src/usb_endp.c:58

    BitAction Led_State;

    PMAToUserBufferCopy(Receive_Buffer, ENDP1_RXADDR, 2);
   a:	2202      	movs	r2, #2
   c:	f44f 7182 	mov.w	r1, #260	; 0x104
  10:	4620      	mov	r0, r4
  12:	f7ff fffe 	bl	0 <PMAToUserBufferCopy>
  16:	7863      	ldrb	r3, [r4, #1]
D:\WkPjt.Src\MStory3.0\Unit_0\BaseProgram\src/usb_endp.c:69
    else 
    {
        Led_State = Bit_RESET;
    }

    switch (Receive_Buffer[0])
  18:	7821      	ldrb	r1, [r4, #0]
D:\WkPjt.Src\MStory3.0\Unit_0\BaseProgram\src/usb_endp.c:58
{
    DEBUG_MSG_FUNC_START;

    BitAction Led_State;

    PMAToUserBufferCopy(Receive_Buffer, ENDP1_RXADDR, 2);
  1a:	f1d3 0201 	rsbs	r2, r3, #1	; 0x1
  1e:	bf38      	it	cc
  20:	2200      	movcc	r2, #0
D:\WkPjt.Src\MStory3.0\Unit_0\BaseProgram\src/usb_endp.c:69
    else 
    {
        Led_State = Bit_RESET;
    }

    switch (Receive_Buffer[0])
  22:	2902      	cmp	r1, #2
  24:	d007      	beq.n	36 <EP1_OUT_Callback+0x36>
  26:	2903      	cmp	r1, #3
  28:	d00a      	beq.n	40 <EP1_OUT_Callback+0x40>
  2a:	2901      	cmp	r1, #1
  2c:	d10c      	bne.n	48 <EP1_OUT_Callback+0x48>
D:\WkPjt.Src\MStory3.0\Unit_0\BaseProgram\src/usb_endp.c:72
    {
    case 1: /* Led 1 */
        GPIO_WriteBit(GPIO_LED, GPIO_LED1_PIN, Led_State);
  2e:	480e      	ldr	r0, [pc, #56]	(68 <EP1_OUT_Callback+0x68>)
  30:	f44f 7100 	mov.w	r1, #512	; 0x200
  34:	e001      	b.n	3a <EP1_OUT_Callback+0x3a>
D:\WkPjt.Src\MStory3.0\Unit_0\BaseProgram\src/usb_endp.c:75
        break;
    case 2: /* Led 2 */
        GPIO_WriteBit(GPIO_LED, GPIO_LED2_PIN, Led_State);
  36:	480c      	ldr	r0, [pc, #48]	(68 <EP1_OUT_Callback+0x68>)
  38:	2120      	movs	r1, #32
  3a:	f7ff fffe 	bl	0 <GPIO_WriteBit>
  3e:	e008      	b.n	52 <EP1_OUT_Callback+0x52>
D:\WkPjt.Src\MStory3.0\Unit_0\BaseProgram\src/usb_endp.c:78
        break;
    case 3: /* Led 3 */
        GPIO_WriteBit(GPIO_LED, GPIO_LED3_PIN, Led_State);
  40:	4809      	ldr	r0, [pc, #36]	(68 <EP1_OUT_Callback+0x68>)
  42:	f44f 7180 	mov.w	r1, #256	; 0x100
  46:	e7f8      	b.n	3a <EP1_OUT_Callback+0x3a>
D:\WkPjt.Src\MStory3.0\Unit_0\BaseProgram\src/usb_endp.c:81
        break;
    default:
        GPIO_Write(GPIO_LED,
  48:	4807      	ldr	r0, [pc, #28]	(68 <EP1_OUT_Callback+0x68>)
  4a:	f64f 41df 	movw	r1, #64735	; 0xfcdf
  4e:	f7ff fffe 	bl	0 <GPIO_Write>
D:\WkPjt.Src\MStory3.0\Unit_0\BaseProgram\src/usb_endp.c:86
                   ~(uint16_t)(GPIO_LED1_PIN | GPIO_LED2_PIN | GPIO_LED3_PIN ));
        break;
    }

    SetEPRxStatus(ENDP1, EP_RX_VALID);
  52:	2001      	movs	r0, #1
  54:	f44f 5140 	mov.w	r1, #12288	; 0x3000
  58:	f7ff fffe 	bl	0 <SetEPRxStatus>
D:\WkPjt.Src\MStory3.0\Unit_0\BaseProgram\src/usb_endp.c:87
}
  5c:	bd10      	pop	{r4, pc}
  5e:	46c0      	nop			(mov r8, r8)
  60:	00000000 	.word	0x00000000
  64:	00000010 	.word	0x00000010
  68:	40010c00 	.word	0x40010c00
