
D:\Wk\Wk.Src\MStory3.0\Unit_3\3.10_CAN_Normal\project\RIDE_Z1\obj\key.o:     file format elf32-littlearm
D:\Wk\Wk.Src\MStory3.0\Unit_3\3.10_CAN_Normal\project\RIDE_Z1\obj\key.o

Disassembly of section .text.KEY_Test:

00000000 <KEY_Test>:
KEY_Test():
D:\Wk\Wk.Src\MStory3.0\Unit_3\3.10_CAN_Normal\src/key.c:28
void LED_On_All (void);
void LED_Off_All (void);
*/

void KEY_Test (void)
{
   0:	b510      	push	{r4, lr}
D:\Wk\Wk.Src\MStory3.0\Unit_3\3.10_CAN_Normal\src/key.c:31
    uint32_t i = 0;

    LED_Off_All();
   2:	f7ff fffe 	bl	0 <LED_Off_All>
   6:	2400      	movs	r4, #0
D:\Wk\Wk.Src\MStory3.0\Unit_3\3.10_CAN_Normal\src/key.c:35

    while(1)
    {
        delay_100_milli_second();
   8:	f7ff fffe 	bl	0 <delay_100_milli_second>
D:\Wk\Wk.Src\MStory3.0\Unit_3\3.10_CAN_Normal\src/key.c:37

        if((i++ & 0x1) == 0x0)
   c:	f004 0301 	and.w	r3, r4, #1	; 0x1
  10:	3401      	adds	r4, #1
  12:	b913      	cbnz	r3, 1a <KEY_Test+0x1a>
D:\Wk\Wk.Src\MStory3.0\Unit_3\3.10_CAN_Normal\src/key.c:39
        {
            LED_On_Blue();
  14:	f7ff fffe 	bl	0 <LED_On_Blue>
  18:	e001      	b.n	6 <LED_Off_Blue+0x6>
D:\Wk\Wk.Src\MStory3.0\Unit_3\3.10_CAN_Normal\src/key.c:43
        }
        else
        {
            LED_Off_Blue();
  1a:	f7ff fffe 	bl	0 <LED_Off_Blue>
D:\Wk\Wk.Src\MStory3.0\Unit_3\3.10_CAN_Normal\src/key.c:46
        }

        if(GPIO_ReadInputDataBit(GPIO_KEY, GPIO_KEY1_PIN) == Bit_SET)
  1e:	2101      	movs	r1, #1
  20:	480a      	ldr	r0, [pc, #40]	(4c <KEY_Test+0x4c>)
  22:	f7ff fffe 	bl	0 <GPIO_ReadInputDataBit>
  26:	2801      	cmp	r0, #1
  28:	d102      	bne.n	30 <KEY_Test+0x30>
D:\Wk\Wk.Src\MStory3.0\Unit_3\3.10_CAN_Normal\src/key.c:48
        {
            LED_On_Red();
  2a:	f7ff fffe 	bl	0 <LED_On_Red>
  2e:	e001      	b.n	6 <LED_Off_Red+0x6>
D:\Wk\Wk.Src\MStory3.0\Unit_3\3.10_CAN_Normal\src/key.c:52
        }
        else
        {
            LED_Off_Red();
  30:	f7ff fffe 	bl	0 <LED_Off_Red>
D:\Wk\Wk.Src\MStory3.0\Unit_3\3.10_CAN_Normal\src/key.c:55
        }

        if(GPIO_ReadInputDataBit(GPIO_KEY, GPIO_KEY2_PIN) == Bit_SET)
  34:	2102      	movs	r1, #2
  36:	4805      	ldr	r0, [pc, #20]	(4c <KEY_Test+0x4c>)
  38:	f7ff fffe 	bl	0 <GPIO_ReadInputDataBit>
  3c:	2801      	cmp	r0, #1
  3e:	d102      	bne.n	46 <KEY_Test+0x46>
D:\Wk\Wk.Src\MStory3.0\Unit_3\3.10_CAN_Normal\src/key.c:57
        {
            LED_On_Yellow();
  40:	f7ff fffe 	bl	0 <LED_On_Yellow>
  44:	e7e0      	b.n	ffffffc4 <LED_Off_Yellow+0xffffffc4>
D:\Wk\Wk.Src\MStory3.0\Unit_3\3.10_CAN_Normal\src/key.c:61
        }
        else
        {
            LED_Off_Yellow();
  46:	f7ff fffe 	bl	0 <LED_Off_Yellow>
  4a:	e7dd      	b.n	8 <LED_Off_Yellow+0x8>
  4c:	40010800 	.word	0x40010800
