stm32f4xx_it.c:58:6:NMI_Handler	0	static
stm32f4xx_it.c:71:6:HardFault_Handler	0	static
stm32f4xx_it.c:89:6:MemManage_Handler	0	static
stm32f4xx_it.c:107:6:BusFault_Handler	0	static
stm32f4xx_it.c:125:6:UsageFault_Handler	0	static
stm32f4xx_it.c:143:6:SVC_Handler	0	static
stm32f4xx_it.c:156:6:DebugMon_Handler	0	static
stm32f4xx_it.c:169:6:PendSV_Handler	0	static
stm32f4xx_it.c:182:6:SysTick_Handler	8	static
stm32f4xx_it.c:204:6:EXTI3_IRQHandler	0	static
stm32f4xx_it.c:218:6:EXTI4_IRQHandler	0	static
stm32f4xx_it.c:232:6:CAN1_RX0_IRQHandler	0	static
stm32f4xx_it.c:246:6:USART3_IRQHandler	0	static
stm32f4xx_it.c:260:6:EXTI15_10_IRQHandler	8	static
stm32f4xx_it.c:275:6:SDIO_IRQHandler	0	static
stm32f4xx_it.c:289:6:TIM7_IRQHandler	0	static
stm32f4xx_it.c:303:6:DMA2_Stream0_IRQHandler	0	static
stm32f4xx_it.c:317:6:DMA2_Stream3_IRQHandler	0	static
stm32f4xx_it.c:331:6:DMA2_Stream6_IRQHandler	0	static
